2026-09-08 21:13:52,645 INFO ============================================================
2026-09-08 21:13:52,645 INFO [START] DAILY JOB ENGINE RUN — 2026-09-08T15:43:52.645329+00:00
2026-09-08 21:13:52,645 INFO ============================================================
2026-09-08 21:13:52,646 INFO 
[1/5] [SCRAPE]  Scraping job boards...
2026-09-08 21:13:56,974 INFO   Naukri: Python Developer in Hyderabad
2026-09-08 21:14:07,620 INFO   Found 0 cards
2026-09-08 21:14:20,674 INFO   LinkedIn: Python Developer in Hyderabad -> 25 found
2026-09-08 21:14:20,674 INFO   Naukri: Python Developer in Bangalore
2026-09-08 21:14:27,838 INFO   Found 0 cards
2026-09-08 21:14:40,704 INFO   LinkedIn: Python Developer in Bangalore -> 25 found
2026-09-08 21:14:40,704 INFO   Naukri: Python Developer in Remote
2026-09-08 21:14:47,883 INFO   Found 0 cards
2026-09-08 21:15:00,607 INFO   LinkedIn: Python Developer in Remote -> 25 found
2026-09-08 21:15:02,699 WARNING   YC API returned 406
2026-09-08 21:15:04,751 INFO HTTP Request: GET https://nzzrpylddectbapxpazo.supabase.co/rest/v1/jobs?select=id&job_url=eq.https%3A%2F%2Fvn.linkedin.com%2Fjobs%2Fview%2Fpython-developer-at-fpt-software-4463270119 "HTTP/2 200 OK"
2026-09-08 21:15:05,054 INFO HTTP Request: POST https://nzzrpylddectbapxpazo.supabase.co/rest/v1/jobs "HTTP/2 201 Created"
2026-09-08 21:15:05,056 INFO   Saved: Python Developer @ FPT Software
2026-09-08 21:15:07,834 INFO HTTP Request: PATCH https://nzzrpylddectbapxpazo.supabase.co/rest/v1/jobs?id=eq.2d1405a9-771e-44c5-bd7c-ccf74ac5e9a1 "HTTP/2 200 OK"
2026-09-08 21:15:09,561 INFO HTTP Request: GET https://nzzrpylddectbapxpazo.supabase.co/rest/v1/jobs?select=id&job_url=eq.https%3A%2F%2Fil.linkedin.com%2Fjobs%2Fview%2Fpython-developer-at-mitiga-4463255076 "HTTP/2 200 OK"
2026-09-08 21:15:09,766 INFO HTTP Request: POST https://nzzrpylddectbapxpazo.supabase.co/rest/v1/jobs "HTTP/2 201 Created"
2026-09-08 21:15:09,767 INFO   Saved: Python Developer @ Mitiga
2026-09-08 21:15:12,939 INFO HTTP Request: PATCH https://nzzrpylddectbapxpazo.supabase.co/rest/v1/jobs?id=eq.9fe1d77a-6b0d-4b15-9db9-d8ef3b5ba5c3 "HTTP/2 200 OK"
2026-09-08 21:15:14,680 INFO HTTP Request: GET https://nzzrpylddectbapxpazo.supabase.co/rest/v1/jobs?select=id&job_url=eq.https%3A%2F%2Fvn.linkedin.com%2Fjobs%2Fview%2Fpython-developer-at-newera-inc-4463265252 "HTTP/2 200 OK"
2026-09-08 21:15:14,886 INFO HTTP Request: POST https://nzzrpylddectbapxpazo.supabase.co/rest/v1/jobs "HTTP/2 201 Created"
2026-09-08 21:15:14,887 INFO   Saved: Python Developer @ NewEra Inc
2026-09-08 21:15:17,652 INFO HTTP Request: PATCH https://nzzrpylddectbapxpazo.supabase.co/rest/v1/jobs?id=eq.58561926-2f56-4477-9054-93ea6bfde44c "HTTP/2 200 OK"
2026-09-08 21:15:19,399 INFO HTTP Request: GET https://nzzrpylddectbapxpazo.supabase.co/rest/v1/jobs?select=id&job_url=eq.https%3A%2F%2Fnl.linkedin.com%2Fjobs%2Fview%2Fpython-engineer-at-signify-technology-4407962411 "HTTP/2 200 OK"
2026-09-08 21:15:19,595 INFO HTTP Request: POST https://nzzrpylddectbapxpazo.supabase.co/rest/v1/jobs "HTTP/2 201 Created"
2026-09-08 21:15:19,597 INFO   Saved: Python Engineer @ Signify Technology
2026-09-08 21:15:22,566 INFO HTTP Request: PATCH https://nzzrpylddectbapxpazo.supabase.co/rest/v1/jobs?id=eq.377b38b9-04c8-4687-b14b-fcbfa9b3d0a1 "HTTP/2 200 OK"
2026-09-08 21:15:24,306 INFO HTTP Request: GET https://nzzrpylddectbapxpazo.supabase.co/rest/v1/jobs?select=id&job_url=eq.https%3A%2F%2Fde.linkedin.com%2Fjobs%2Fview%2Fpython-developer-at-russell-tobin-4462232588 "HTTP/2 200 OK"
2026-09-08 21:15:24,507 INFO HTTP Request: POST https://nzzrpylddectbapxpazo.supabase.co/rest/v1/jobs "HTTP/2 201 Created"
2026-09-08 21:15:24,509 INFO   Saved: Python Developer @ Russell Tobin
2026-09-08 21:15:28,198 INFO HTTP Request: PATCH https://nzzrpylddectbapxpazo.supabase.co/rest/v1/jobs?id=eq.9adeb9d6-901a-4243-a2dd-f06d306c8cb9 "HTTP/2 200 OK"
2026-09-08 21:15:29,938 INFO HTTP Request: GET https://nzzrpylddectbapxpazo.supabase.co/rest/v1/jobs?select=id&job_url=eq.https%3A%2F%2Fbg.linkedin.com%2Fjobs%2Fview%2Fbackend-python-developer-f-m-d-%2540-a1-competence-delivery-center-at-a1-bulgaria-4461759815 "HTTP/2 200 OK"
2026-09-08 21:15:30,143 INFO HTTP Request: GET https://nzzrpylddectbapxpazo.supabase.co/rest/v1/jobs?select=id&job_url=eq.https%3A%2F%2Fde.linkedin.com%2Fjobs%2Fview%2Fbackend-developer-m-w-d-python-bis-85-000-%25E2%2582%25AC-raum-hanau-at-nxt-hero-4463226623 "HTTP/2 200 OK"
2026-09-08 21:15:30,349 INFO HTTP Request: POST https://nzzrpylddectbapxpazo.supabase.co/rest/v1/jobs "HTTP/2 201 Created"
2026-09-08 21:15:30,350 INFO   Saved: Backend Developer (m/w/d) | Python | bis 85.000 € | Raum Hanau @ NXT Hero
2026-09-08 21:15:33,113 INFO HTTP Request: PATCH https://nzzrpylddectbapxpazo.supabase.co/rest/v1/jobs?id=eq.656f4973-8203-4fca-addb-5ba44021645f "HTTP/2 200 OK"
2026-09-08 21:15:34,853 INFO HTTP Request: GET https://nzzrpylddectbapxpazo.supabase.co/rest/v1/jobs?select=id&job_url=eq.https%3A%2F%2Fnl.linkedin.com%2Fjobs%2Fview%2Fpython-software-engineer-at-imc-trading-4329479385 "HTTP/2 200 OK"
2026-09-08 21:15:35,160 INFO HTTP Request: POST https://nzzrpylddectbapxpazo.supabase.co/rest/v1/jobs "HTTP/2 201 Created"
2026-09-08 21:15:35,162 INFO   Saved: Python Software Engineer @ IMC Trading
2026-09-08 21:15:47,212 INFO HTTP Request: PATCH https://nzzrpylddectbapxpazo.supabase.co/rest/v1/jobs?id=eq.466bbce8-3dff-41c8-98ae-fe16ea111c09 "HTTP/2 200 OK"
2026-09-08 21:15:58,815 INFO HTTP Request: GET https://nzzrpylddectbapxpazo.supabase.co/rest/v1/jobs?select=id&job_url=eq.https%3A%2F%2Fde.linkedin.com%2Fjobs%2Fview%2Fback-end-entwickler-in-at-sistrix-4452417164 "HTTP/2 200 OK"
2026-09-08 21:15:59,018 INFO HTTP Request: POST https://nzzrpylddectbapxpazo.supabase.co/rest/v1/jobs "HTTP/2 201 Created"
2026-09-08 21:15:59,020 INFO   Saved: Back-End-Entwickler:in @ SISTRIX
2026-09-08 21:16:01,695 INFO HTTP Request: PATCH https://nzzrpylddectbapxpazo.supabase.co/rest/v1/jobs?id=eq.fb78e107-83aa-4b3b-aeef-f79b159cc06f "HTTP/2 200 OK"
2026-09-08 21:16:03,421 INFO HTTP Request: GET https://nzzrpylddectbapxpazo.supabase.co/rest/v1/jobs?select=id&job_url=eq.https%3A%2F%2Fin.linkedin.com%2Fjobs%2Fview%2Fpython-developer-at-tata-consultancy-services-4463269753 "HTTP/2 200 OK"
2026-09-08 21:16:03,625 INFO HTTP Request: POST https://nzzrpylddectbapxpazo.supabase.co/rest/v1/jobs "HTTP/2 201 Created"
2026-09-08 21:16:03,627 INFO   Saved: Python Developer @ Tata Consultancy Services
2026-09-08 21:16:06,552 INFO HTTP Request: PATCH https://nzzrpylddectbapxpazo.supabase.co/rest/v1/jobs?id=eq.75e1f165-78fc-4143-9c50-12ca9daadfa7 "HTTP/2 200 OK"
2026-09-08 21:16:08,338 INFO HTTP Request: GET https://nzzrpylddectbapxpazo.supabase.co/rest/v1/jobs?select=id&job_url=eq.https%3A%2F%2Fro.linkedin.com%2Fjobs%2Fview%2Fpython-developer-at-phi-partners-4462213973 "HTTP/2 200 OK"
2026-09-08 21:16:08,540 INFO HTTP Request: POST https://nzzrpylddectbapxpazo.supabase.co/rest/v1/jobs "HTTP/2 201 Created"
2026-09-08 21:16:08,542 INFO   Saved: Python Developer @ Phi Partners
2026-09-08 21:16:11,512 INFO HTTP Request: PATCH https://nzzrpylddectbapxpazo.supabase.co/rest/v1/jobs?id=eq.ac2c84be-aaa6-42d3-9abc-4a337d2d5f7b "HTTP/2 200 OK"
2026-09-08 21:16:13,196 INFO HTTP Request: GET https://nzzrpylddectbapxpazo.supabase.co/rest/v1/jobs?select=id&job_url=eq.https%3A%2F%2Fro.linkedin.com%2Fjobs%2Fview%2Fpython-backend-developer-at-undelucram-ro-4462977967 "HTTP/2 200 OK"
2026-09-08 21:16:13,460 INFO HTTP Request: POST https://nzzrpylddectbapxpazo.supabase.co/rest/v1/jobs "HTTP/2 201 Created"
2026-09-08 21:16:13,462 INFO   Saved: Python Backend Developer @ Undelucram.ro
2026-09-08 21:16:16,016 INFO HTTP Request: PATCH https://nzzrpylddectbapxpazo.supabase.co/rest/v1/jobs?id=eq.4cd6f78b-9627-4092-9da2-033d2d8182e8 "HTTP/2 200 OK"
2026-09-08 21:16:17,758 INFO HTTP Request: GET https://nzzrpylddectbapxpazo.supabase.co/rest/v1/jobs?select=id&job_url=eq.https%3A%2F%2Fuk.linkedin.com%2Fjobs%2Fview%2Fpython-developer-at-signify-technology-4462512280 "HTTP/2 200 OK"
2026-09-08 21:16:17,965 INFO HTTP Request: POST https://nzzrpylddectbapxpazo.supabase.co/rest/v1/jobs "HTTP/2 201 Created"
2026-09-08 21:16:17,967 INFO   Saved: Python Developer @ Signify Technology
2026-09-08 21:16:20,831 INFO HTTP Request: PATCH https://nzzrpylddectbapxpazo.supabase.co/rest/v1/jobs?id=eq.ab381ca8-ad4f-4cc8-b022-bc11894ab4d5 "HTTP/2 200 OK"
2026-09-08 21:16:22,570 INFO HTTP Request: GET https://nzzrpylddectbapxpazo.supabase.co/rest/v1/jobs?select=id&job_url=eq.https%3A%2F%2Fro.linkedin.com%2Fjobs%2Fview%2Fpython-backend-developer-at-undelucram-ro-4462995739 "HTTP/2 200 OK"
2026-09-08 21:16:22,736 INFO HTTP Request: POST https://nzzrpylddectbapxpazo.supabase.co/rest/v1/jobs "HTTP/2 201 Created"
2026-09-08 21:16:22,738 INFO   Saved: Python Backend Developer @ Undelucram.ro
2026-09-08 21:16:25,335 INFO HTTP Request: PATCH https://nzzrpylddectbapxpazo.supabase.co/rest/v1/jobs?id=eq.cf9578f4-9b13-4947-a603-440cd32e0a14 "HTTP/2 200 OK"
2026-09-08 21:16:27,077 INFO HTTP Request: GET https://nzzrpylddectbapxpazo.supabase.co/rest/v1/jobs?select=id&job_url=eq.https%3A%2F%2Fde.linkedin.com%2Fjobs%2Fview%2Fpython-developer-ci-cd-engineer-all-gender-100-at-alten-4462280290 "HTTP/2 200 OK"
2026-09-08 21:16:27,281 INFO HTTP Request: POST https://nzzrpylddectbapxpazo.supabase.co/rest/v1/jobs "HTTP/2 201 Created"
2026-09-08 21:16:27,283 INFO   Saved: Python Developer / CI/CD Engineer (all gender) 100 @ ALTEN
2026-09-08 21:16:29,841 INFO HTTP Request: PATCH https://nzzrpylddectbapxpazo.supabase.co/rest/v1/jobs?id=eq.96158ea5-e8d7-42cb-9022-236fb168c7c6 "HTTP/2 200 OK"
2026-09-08 21:16:31,582 INFO HTTP Request: GET https://nzzrpylddectbapxpazo.supabase.co/rest/v1/jobs?select=id&job_url=eq.https%3A%2F%2Fin.linkedin.com%2Fjobs%2Fview%2Fsoftware-engineer-python-at-invoicecloud-inc-4414802947 "HTTP/2 200 OK"
2026-09-08 21:16:31,748 INFO HTTP Request: POST https://nzzrpylddectbapxpazo.supabase.co/rest/v1/jobs "HTTP/2 201 Created"
2026-09-08 21:16:31,750 INFO   Saved: Software Engineer - Python @ InvoiceCloud, Inc.
2026-09-08 21:16:34,343 INFO HTTP Request: PATCH https://nzzrpylddectbapxpazo.supabase.co/rest/v1/jobs?id=eq.b7ae0aa0-54f9-40e2-9fd5-2c4281b5efa0 "HTTP/2 200 OK"
2026-09-08 21:16:36,088 INFO HTTP Request: GET https://nzzrpylddectbapxpazo.supabase.co/rest/v1/jobs?select=id&job_url=eq.https%3A%2F%2Fil.linkedin.com%2Fjobs%2Fview%2Fbackend-software-engineer-at-techaviv-4462242482 "HTTP/2 200 OK"
2026-09-08 21:16:36,293 INFO HTTP Request: POST https://nzzrpylddectbapxpazo.supabase.co/rest/v1/jobs "HTTP/2 201 Created"
2026-09-08 21:16:36,295 INFO   Saved: Backend Software Engineer @ TechAviv
2026-09-08 21:16:38,854 INFO HTTP Request: PATCH https://nzzrpylddectbapxpazo.supabase.co/rest/v1/jobs?id=eq.371e47c9-8278-4149-8597-b97f5ed72be7 "HTTP/2 200 OK"
2026-09-08 21:16:40,594 INFO HTTP Request: GET https://nzzrpylddectbapxpazo.supabase.co/rest/v1/jobs?select=id&job_url=eq.https%3A%2F%2Fuk.linkedin.com%2Fjobs%2Fview%2Fpython-developer-at-virtuetech-recruitment-group-4462281376 "HTTP/2 200 OK"
2026-09-08 21:16:40,798 INFO HTTP Request: POST https://nzzrpylddectbapxpazo.supabase.co/rest/v1/jobs "HTTP/2 201 Created"
2026-09-08 21:16:40,800 INFO   Saved: Python Developer @ VirtueTech Recruitment Group
2026-09-08 21:16:43,460 INFO HTTP Request: PATCH https://nzzrpylddectbapxpazo.supabase.co/rest/v1/jobs?id=eq.af896ea6-add2-48c8-96da-8aa1fb21c759 "HTTP/2 200 OK"
2026-09-08 21:16:45,186 INFO HTTP Request: GET https://nzzrpylddectbapxpazo.supabase.co/rest/v1/jobs?select=id&job_url=eq.https%3A%2F%2Fde.linkedin.com%2Fjobs%2Fview%2Fsoftware-engineer-python-at-audatic-4462980082 "HTTP/2 200 OK"
2026-09-08 21:16:45,406 INFO HTTP Request: POST https://nzzrpylddectbapxpazo.supabase.co/rest/v1/jobs "HTTP/2 201 Created"
2026-09-08 21:16:45,407 INFO   Saved: Software Engineer (Python) @ Audatic
2026-09-08 21:16:48,067 INFO HTTP Request: PATCH https://nzzrpylddectbapxpazo.supabase.co/rest/v1/jobs?id=eq.89fd0b04-ec25-41c3-92d4-c090a156e3a9 "HTTP/2 200 OK"
2026-09-08 21:16:49,808 INFO HTTP Request: GET https://nzzrpylddectbapxpazo.supabase.co/rest/v1/jobs?select=id&job_url=eq.https%3A%2F%2Fde.linkedin.com%2Fjobs%2Fview%2Fsoftwareentwickler-python-w-m-d-at-fritz%2521-4462227638 "HTTP/2 200 OK"
2026-09-08 21:16:49,973 INFO HTTP Request: POST https://nzzrpylddectbapxpazo.supabase.co/rest/v1/jobs "HTTP/2 201 Created"
2026-09-08 21:16:49,975 INFO   Saved: Softwareentwickler Python (w/m/d) @ FRITZ!
2026-09-08 21:16:52,574 INFO HTTP Request: PATCH https://nzzrpylddectbapxpazo.supabase.co/rest/v1/jobs?id=eq.5a6aae1e-dde1-4210-a67a-886967a1b646 "HTTP/2 200 OK"
2026-09-08 21:16:54,317 INFO HTTP Request: GET https://nzzrpylddectbapxpazo.supabase.co/rest/v1/jobs?select=id&job_url=eq.https%3A%2F%2Fin.linkedin.com%2Fjobs%2Fview%2Fpython-developer-at-tata-consultancy-services-4463234487 "HTTP/2 200 OK"
2026-09-08 21:16:54,479 INFO HTTP Request: POST https://nzzrpylddectbapxpazo.supabase.co/rest/v1/jobs "HTTP/2 201 Created"
2026-09-08 21:16:54,481 INFO   Saved: Python Developer @ Tata Consultancy Services
2026-09-08 21:16:57,196 INFO HTTP Request: PATCH https://nzzrpylddectbapxpazo.supabase.co/rest/v1/jobs?id=eq.7d23c630-2086-4c9c-8801-b0d1e8d0e33d "HTTP/2 200 OK"
2026-09-08 21:16:58,922 INFO HTTP Request: GET https://nzzrpylddectbapxpazo.supabase.co/rest/v1/jobs?select=id&job_url=eq.https%3A%2F%2Fca.linkedin.com%2Fjobs%2Fview%2Fpython-developer-at-nam-info-inc-4464607944 "HTTP/2 200 OK"
2026-09-08 21:16:59,127 INFO HTTP Request: POST https://nzzrpylddectbapxpazo.supabase.co/rest/v1/jobs "HTTP/2 201 Created"
2026-09-08 21:16:59,129 INFO   Saved: Python Developer @ NAM Info Inc
2026-09-08 21:17:02,302 INFO HTTP Request: PATCH https://nzzrpylddectbapxpazo.supabase.co/rest/v1/jobs?id=eq.853813ec-a056-46cc-87c5-c0798ad335e7 "HTTP/2 200 OK"
2026-09-08 21:17:04,042 INFO HTTP Request: GET https://nzzrpylddectbapxpazo.supabase.co/rest/v1/jobs?select=id&job_url=eq.https%3A%2F%2Fbe.linkedin.com%2Fjobs%2Fview%2Fpython-engineer-at-jobbsquare-belgie-4462261032 "HTTP/2 200 OK"
2026-09-08 21:17:04,201 INFO HTTP Request: POST https://nzzrpylddectbapxpazo.supabase.co/rest/v1/jobs "HTTP/2 201 Created"
2026-09-08 21:17:04,203 INFO   Saved: Python Engineer @ JoBBsquare Belgie
2026-09-08 21:17:07,011 INFO HTTP Request: PATCH https://nzzrpylddectbapxpazo.supabase.co/rest/v1/jobs?id=eq.028cf454-0517-4811-9534-416405f06ed5 "HTTP/2 200 OK"
2026-09-08 21:17:08,753 INFO HTTP Request: GET https://nzzrpylddectbapxpazo.supabase.co/rest/v1/jobs?select=id&job_url=eq.https%3A%2F%2Fie.linkedin.com%2Fjobs%2Fview%2Fpython-engineer-job-spec-at-bizimply-4464352950 "HTTP/2 200 OK"
2026-09-08 21:17:08,958 INFO HTTP Request: POST https://nzzrpylddectbapxpazo.supabase.co/rest/v1/jobs "HTTP/2 201 Created"
2026-09-08 21:17:08,960 INFO   Saved: Python Engineer Job Spec @ Bizimply
2026-09-08 21:17:11,825 INFO HTTP Request: PATCH https://nzzrpylddectbapxpazo.supabase.co/rest/v1/jobs?id=eq.b49dc7c3-ccd5-4462-bc2c-4e30a99dd2cd "HTTP/2 200 OK"
2026-09-08 21:17:13,566 INFO HTTP Request: GET https://nzzrpylddectbapxpazo.supabase.co/rest/v1/jobs?select=id&job_url=eq.https%3A%2F%2Fin.linkedin.com%2Fjobs%2Fview%2Ffull-stack-engineer-python-at-thg-ingenuity-4462298415 "HTTP/2 200 OK"
2026-09-08 21:17:13,771 INFO HTTP Request: POST https://nzzrpylddectbapxpazo.supabase.co/rest/v1/jobs "HTTP/2 201 Created"
2026-09-08 21:17:13,772 INFO   Saved: Full Stack Engineer (Python) @ THG Ingenuity
2026-09-08 21:17:16,535 INFO HTTP Request: PATCH https://nzzrpylddectbapxpazo.supabase.co/rest/v1/jobs?id=eq.744129ed-a69d-4a48-9243-3f857c442681 "HTTP/2 200 OK"
2026-09-08 21:17:18,041 INFO   Naukri: Django Developer in Hyderabad
2026-09-08 21:17:25,492 INFO   Found 0 cards
2026-09-08 21:17:38,327 INFO   LinkedIn: Django Developer in Hyderabad -> 25 found
2026-09-08 21:17:38,327 INFO   Naukri: Django Developer in Bangalore
2026-09-08 21:17:45,506 INFO   Found 0 cards
2026-09-08 21:17:59,403 INFO   LinkedIn: Django Developer in Bangalore -> 25 found
2026-09-08 21:17:59,403 INFO   Naukri: Django Developer in Remote
2026-09-08 21:18:06,641 INFO   Found 0 cards
2026-09-08 21:18:20,898 INFO   LinkedIn: Django Developer in Remote -> 25 found
2026-09-08 21:18:22,173 WARNING   YC API returned 406
2026-09-08 21:18:22,956 INFO HTTP Request: GET https://nzzrpylddectbapxpazo.supabase.co/rest/v1/jobs?select=id&job_url=eq.https%3A%2F%2Fin.linkedin.com%2Fjobs%2Fview%2Fback-end-developer-at-mathco-4463513396 "HTTP/2 200 OK"
2026-09-08 21:18:23,155 INFO HTTP Request: POST https://nzzrpylddectbapxpazo.supabase.co/rest/v1/jobs "HTTP/2 201 Created"
2026-09-08 21:18:23,157 INFO   Saved: Back End Developer @ MathCo
2026-09-08 21:18:25,945 INFO HTTP Request: PATCH https://nzzrpylddectbapxpazo.supabase.co/rest/v1/jobs?id=eq.4952170a-1685-40d6-bd52-24fa529af6b3 "HTTP/2 200 OK"
2026-09-08 21:18:27,702 INFO HTTP Request: GET https://nzzrpylddectbapxpazo.supabase.co/rest/v1/jobs?select=id&job_url=eq.https%3A%2F%2Fin.linkedin.com%2Fjobs%2Fview%2Fsoftware-engineer-python-at-invoicecloud-inc-4414802947 "HTTP/2 200 OK"
2026-09-08 21:18:27,907 INFO HTTP Request: GET https://nzzrpylddectbapxpazo.supabase.co/rest/v1/jobs?select=id&job_url=eq.https%3A%2F%2Fin.linkedin.com%2Fjobs%2Fview%2Fsoftware-development-engineer-at-frnd-4464485325 "HTTP/2 200 OK"
2026-09-08 21:18:28,113 INFO HTTP Request: POST https://nzzrpylddectbapxpazo.supabase.co/rest/v1/jobs "HTTP/2 201 Created"
2026-09-08 21:18:28,115 INFO   Saved: Software Development Engineer @ FRND
2026-09-08 21:18:30,674 INFO HTTP Request: PATCH https://nzzrpylddectbapxpazo.supabase.co/rest/v1/jobs?id=eq.f37777fd-a1ab-4549-a40a-38b63ec89e80 "HTTP/2 200 OK"
2026-09-08 21:18:32,414 INFO HTTP Request: GET https://nzzrpylddectbapxpazo.supabase.co/rest/v1/jobs?select=id&job_url=eq.https%3A%2F%2Fin.linkedin.com%2Fjobs%2Fview%2Fbackend-engineer-%25E2%2580%2593-python-fastapi-postgresql-at-implere-technologies-pvt-ltd-4462268872 "HTTP/2 200 OK"
2026-09-08 21:18:32,619 INFO HTTP Request: POST https://nzzrpylddectbapxpazo.supabase.co/rest/v1/jobs "HTTP/2 201 Created"
2026-09-08 21:18:32,620 INFO   Saved: Backend Engineer – Python, FastAPI & PostgreSQL @ Implere Technologies Pvt Ltd
2026-09-08 21:18:35,281 INFO HTTP Request: PATCH https://nzzrpylddectbapxpazo.supabase.co/rest/v1/jobs?id=eq.45dd4282-3629-4246-a938-19e9289232be "HTTP/2 200 OK"
2026-09-08 21:18:37,021 INFO HTTP Request: GET https://nzzrpylddectbapxpazo.supabase.co/rest/v1/jobs?select=id&job_url=eq.https%3A%2F%2Fin.linkedin.com%2Fjobs%2Fview%2Fdeveloper-python-at-happiest-minds-technologies-4462260660 "HTTP/2 200 OK"
2026-09-08 21:18:37,329 INFO HTTP Request: POST https://nzzrpylddectbapxpazo.supabase.co/rest/v1/jobs "HTTP/2 201 Created"
2026-09-08 21:18:37,331 INFO   Saved: DEVELOPER - Python @ Happiest Minds Technologies
2026-09-08 21:18:39,887 INFO HTTP Request: PATCH https://nzzrpylddectbapxpazo.supabase.co/rest/v1/jobs?id=eq.dd904579-d15e-4cd3-a5c5-9ad4af85fdbe "HTTP/2 200 OK"
2026-09-08 21:18:41,629 INFO HTTP Request: GET https://nzzrpylddectbapxpazo.supabase.co/rest/v1/jobs?select=id&job_url=eq.https%3A%2F%2Fin.linkedin.com%2Fjobs%2Fview%2Fpython-developer-at-tata-consultancy-services-4463269753 "HTTP/2 200 OK"
2026-09-08 21:18:41,833 INFO HTTP Request: GET https://nzzrpylddectbapxpazo.supabase.co/rest/v1/jobs?select=id&job_url=eq.https%3A%2F%2Fin.linkedin.com%2Fjobs%2Fview%2Fpython-developer-at-tata-consultancy-services-4463234487 "HTTP/2 200 OK"
2026-09-08 21:18:42,038 INFO HTTP Request: GET https://nzzrpylddectbapxpazo.supabase.co/rest/v1/jobs?select=id&job_url=eq.https%3A%2F%2Fin.linkedin.com%2Fjobs%2Fview%2Fsoftware-engineer-2-at-jll-4464367481 "HTTP/2 200 OK"
2026-09-08 21:18:42,243 INFO HTTP Request: POST https://nzzrpylddectbapxpazo.supabase.co/rest/v1/jobs "HTTP/2 201 Created"
2026-09-08 21:18:42,245 INFO   Saved: Software Engineer 2 @ JLL
2026-09-08 21:18:44,804 INFO HTTP Request: PATCH https://nzzrpylddectbapxpazo.supabase.co/rest/v1/jobs?id=eq.12da71b6-d277-430b-9c70-477b989242c9 "HTTP/2 200 OK"
2026-09-08 21:18:46,546 INFO HTTP Request: GET https://nzzrpylddectbapxpazo.supabase.co/rest/v1/jobs?select=id&job_url=eq.https%3A%2F%2Fin.linkedin.com%2Fjobs%2Fview%2Fsoftware-engineer-ii-python-fast-api-django-microservices-sql-azure-git-at-blue-yonder-4449020093 "HTTP/2 200 OK"
2026-09-08 21:18:46,748 INFO HTTP Request: GET https://nzzrpylddectbapxpazo.supabase.co/rest/v1/jobs?select=id&job_url=eq.https%3A%2F%2Fin.linkedin.com%2Fjobs%2Fview%2Fsoftware-developer-python%252Bai-at-gyansys-inc-4463244288 "HTTP/2 200 OK"
2026-09-08 21:18:46,933 INFO HTTP Request: POST https://nzzrpylddectbapxpazo.supabase.co/rest/v1/jobs "HTTP/2 201 Created"
2026-09-08 21:18:46,935 INFO   Saved: Software Developer (Python+AI) @ GyanSys Inc.
2026-09-08 21:18:49,501 INFO HTTP Request: PATCH https://nzzrpylddectbapxpazo.supabase.co/rest/v1/jobs?id=eq.23112de7-ccdc-4c00-a13f-efe7f32dca7f "HTTP/2 200 OK"
2026-09-08 21:18:51,255 INFO HTTP Request: GET https://nzzrpylddectbapxpazo.supabase.co/rest/v1/jobs?select=id&job_url=eq.https%3A%2F%2Fuk.linkedin.com%2Fjobs%2Fview%2Fpython-developer-at-virtuetech-recruitment-group-4462281376 "HTTP/2 200 OK"
2026-09-08 21:18:51,461 INFO HTTP Request: GET https://nzzrpylddectbapxpazo.supabase.co/rest/v1/jobs?select=id&job_url=eq.https%3A%2F%2Fin.linkedin.com%2Fjobs%2Fview%2Fpython-developer-at-infosys-4445422559 "HTTP/2 200 OK"
2026-09-08 21:18:51,665 INFO HTTP Request: POST https://nzzrpylddectbapxpazo.supabase.co/rest/v1/jobs "HTTP/2 201 Created"
2026-09-08 21:18:51,666 INFO   Saved: Python Developer @ Infosys
2026-09-08 21:18:54,327 INFO HTTP Request: PATCH https://nzzrpylddectbapxpazo.supabase.co/rest/v1/jobs?id=eq.058e95d5-bc98-4ec8-bff2-35ea870a5de8 "HTTP/2 200 OK"
2026-09-08 21:18:56,067 INFO HTTP Request: GET https://nzzrpylddectbapxpazo.supabase.co/rest/v1/jobs?select=id&job_url=eq.https%3A%2F%2Fae.linkedin.com%2Fjobs%2Fview%2Fpython-backend-engineer-at-list-international-group-4463298656 "HTTP/2 200 OK"
2026-09-08 21:18:56,273 INFO HTTP Request: POST https://nzzrpylddectbapxpazo.supabase.co/rest/v1/jobs "HTTP/2 201 Created"
2026-09-08 21:18:56,275 INFO   Saved: Python Backend Engineer @ List International Group
2026-09-08 21:18:59,446 INFO HTTP Request: PATCH https://nzzrpylddectbapxpazo.supabase.co/rest/v1/jobs?id=eq.36623047-acc5-4997-8fe2-6f9626043b4c "HTTP/2 200 OK"
2026-09-08 21:19:01,164 INFO HTTP Request: GET https://nzzrpylddectbapxpazo.supabase.co/rest/v1/jobs?select=id&job_url=eq.https%3A%2F%2Fin.linkedin.com%2Fjobs%2Fview%2Fsr-software-engineer-at-huntingcube-4464361674 "HTTP/2 200 OK"
2026-09-08 21:19:01,392 INFO HTTP Request: POST https://nzzrpylddectbapxpazo.supabase.co/rest/v1/jobs "HTTP/2 201 Created"
2026-09-08 21:19:01,394 INFO   Saved: Sr.Software Engineer @ HuntingCube
2026-09-08 21:19:03,850 INFO HTTP Request: PATCH https://nzzrpylddectbapxpazo.supabase.co/rest/v1/jobs?id=eq.aab92318-8510-4e4c-aeb8-9b7d4e4933f4 "HTTP/2 200 OK"
2026-09-08 21:19:05,590 INFO HTTP Request: GET https://nzzrpylddectbapxpazo.supabase.co/rest/v1/jobs?select=id&job_url=eq.https%3A%2F%2Fin.linkedin.com%2Fjobs%2Fview%2Fpython-developer-at-dots-connect-4464453408 "HTTP/2 200 OK"
2026-09-08 21:19:05,795 INFO HTTP Request: POST https://nzzrpylddectbapxpazo.supabase.co/rest/v1/jobs "HTTP/2 201 Created"
2026-09-08 21:19:05,797 INFO   Saved: Python Developer @ Dots Connect
2026-09-08 21:19:08,356 INFO HTTP Request: PATCH https://nzzrpylddectbapxpazo.supabase.co/rest/v1/jobs?id=eq.018b09ab-b009-45f4-bc47-76bcb2731a56 "HTTP/2 200 OK"
2026-09-08 21:19:10,097 INFO HTTP Request: GET https://nzzrpylddectbapxpazo.supabase.co/rest/v1/jobs?select=id&job_url=eq.https%3A%2F%2Fin.linkedin.com%2Fjobs%2Fview%2Fpython-django-developer-backend-1-3-yrs-exp-at-startxlabs-4463258130 "HTTP/2 200 OK"
2026-09-08 21:19:10,301 INFO HTTP Request: POST https://nzzrpylddectbapxpazo.supabase.co/rest/v1/jobs "HTTP/2 201 Created"
2026-09-08 21:19:10,302 INFO   Saved: Python Django Developer - Backend (1 - 3 yrs exp) @ StartxLabs
2026-09-08 21:19:12,929 INFO HTTP Request: PATCH https://nzzrpylddectbapxpazo.supabase.co/rest/v1/jobs?id=eq.daec82c6-f132-49b4-b0c1-d98f17d6ff05 "HTTP/2 200 OK"
2026-09-08 21:19:14,601 INFO HTTP Request: GET https://nzzrpylddectbapxpazo.supabase.co/rest/v1/jobs?select=id&job_url=eq.https%3A%2F%2Fin.linkedin.com%2Fjobs%2Fview%2Fsenior-python-developer-at-brand-mindspace-index-4464464672 "HTTP/2 200 OK"
2026-09-08 21:19:14,806 INFO HTTP Request: POST https://nzzrpylddectbapxpazo.supabase.co/rest/v1/jobs "HTTP/2 201 Created"
2026-09-08 21:19:14,808 INFO   Saved: Senior Python Developer @ Brand Mindspace Index
2026-09-08 21:19:17,468 INFO HTTP Request: PATCH https://nzzrpylddectbapxpazo.supabase.co/rest/v1/jobs?id=eq.5bc30ee2-a6ca-4239-a751-fdfe51c0a04a "HTTP/2 200 OK"
2026-09-08 21:19:19,210 INFO HTTP Request: GET https://nzzrpylddectbapxpazo.supabase.co/rest/v1/jobs?select=id&job_url=eq.https%3A%2F%2Fuk.linkedin.com%2Fjobs%2Fview%2Fpython-engineer-hybrid-in-london-at-signify-technology-4407945731 "HTTP/2 200 OK"
2026-09-08 21:19:19,415 INFO HTTP Request: POST https://nzzrpylddectbapxpazo.supabase.co/rest/v1/jobs "HTTP/2 201 Created"
2026-09-08 21:19:19,416 INFO   Saved: Python Engineer (Hybrid in London) @ Signify Technology
2026-09-08 21:19:22,077 INFO HTTP Request: PATCH https://nzzrpylddectbapxpazo.supabase.co/rest/v1/jobs?id=eq.2b486a70-49fd-4f5f-a05c-790cd6c3899f "HTTP/2 200 OK"
2026-09-08 21:19:23,817 INFO HTTP Request: GET https://nzzrpylddectbapxpazo.supabase.co/rest/v1/jobs?select=id&job_url=eq.https%3A%2F%2Fin.linkedin.com%2Fjobs%2Fview%2Fsenior-software-engineer-at-qualys-4454281776 "HTTP/2 200 OK"
2026-09-08 21:19:24,022 INFO HTTP Request: POST https://nzzrpylddectbapxpazo.supabase.co/rest/v1/jobs "HTTP/2 201 Created"
2026-09-08 21:19:24,023 INFO   Saved: Senior Software Engineer @ Qualys
2026-09-08 21:19:26,685 INFO HTTP Request: PATCH https://nzzrpylddectbapxpazo.supabase.co/rest/v1/jobs?id=eq.5ba43fe7-49f7-4134-8cb4-c7357a63864b "HTTP/2 200 OK"
2026-09-08 21:19:28,427 INFO HTTP Request: GET https://nzzrpylddectbapxpazo.supabase.co/rest/v1/jobs?select=id&job_url=eq.https%3A%2F%2Fin.linkedin.com%2Fjobs%2Fview%2Fsenior-software-engineer-at-definitive-healthcare-4452581961 "HTTP/2 200 OK"
2026-09-08 21:19:28,631 INFO HTTP Request: POST https://nzzrpylddectbapxpazo.supabase.co/rest/v1/jobs "HTTP/2 201 Created"
2026-09-08 21:19:28,632 INFO   Saved: Senior Software Engineer @ Definitive Healthcare
2026-09-08 21:19:31,190 INFO HTTP Request: PATCH https://nzzrpylddectbapxpazo.supabase.co/rest/v1/jobs?id=eq.bcddf4a6-0e58-41b8-a915-9364669a53a9 "HTTP/2 200 OK"
2026-09-08 21:19:32,924 INFO HTTP Request: GET https://nzzrpylddectbapxpazo.supabase.co/rest/v1/jobs?select=id&job_url=eq.https%3A%2F%2Fwww.linkedin.com%2Fjobs%2Fview%2Fpython-developer-with-django-at-value-innovation-labs-4461328722 "HTTP/2 200 OK"
2026-09-08 21:19:33,135 INFO HTTP Request: GET https://nzzrpylddectbapxpazo.supabase.co/rest/v1/jobs?select=id&job_url=eq.https%3A%2F%2Fwww.linkedin.com%2Fjobs%2Fview%2Fsoftware-engineer-at-goliath-partners-4464611354 "HTTP/2 200 OK"
2026-09-08 21:19:33,299 INFO HTTP Request: POST https://nzzrpylddectbapxpazo.supabase.co/rest/v1/jobs "HTTP/2 201 Created"
2026-09-08 21:19:33,301 INFO   Saved: Software Engineer @ Goliath Partners
2026-09-08 21:19:36,003 INFO HTTP Request: PATCH https://nzzrpylddectbapxpazo.supabase.co/rest/v1/jobs?id=eq.44f1b8a0-15d6-4187-9d55-edfe2e895dc0 "HTTP/2 200 OK"
2026-09-08 21:19:37,744 INFO HTTP Request: GET https://nzzrpylddectbapxpazo.supabase.co/rest/v1/jobs?select=id&job_url=eq.https%3A%2F%2Fvn.linkedin.com%2Fjobs%2Fview%2Fpython-developer-at-fpt-software-4463270119 "HTTP/2 200 OK"
2026-09-08 21:19:37,928 INFO HTTP Request: GET https://nzzrpylddectbapxpazo.supabase.co/rest/v1/jobs?select=id&job_url=eq.https%3A%2F%2Fin.linkedin.com%2Fjobs%2Fview%2Fsoftware-engineer-python-backend-at-huntingcube-4464377455 "HTTP/2 200 OK"
2026-09-08 21:19:38,154 INFO HTTP Request: POST https://nzzrpylddectbapxpazo.supabase.co/rest/v1/jobs "HTTP/2 201 Created"
2026-09-08 21:19:38,155 INFO   Saved: Software Engineer (Python Backend) @ HuntingCube
2026-09-08 21:19:40,666 INFO HTTP Request: PATCH https://nzzrpylddectbapxpazo.supabase.co/rest/v1/jobs?id=eq.5dec1920-7803-46d8-9c36-7bbb40e0b855 "HTTP/2 200 OK"
2026-09-08 21:19:42,351 INFO HTTP Request: GET https://nzzrpylddectbapxpazo.supabase.co/rest/v1/jobs?select=id&job_url=eq.https%3A%2F%2Fwww.linkedin.com%2Fjobs%2Fview%2Fpython-backend-engineer-apis-at-eitacies-inc-4462503032 "HTTP/2 200 OK"
2026-09-08 21:19:42,518 INFO HTTP Request: POST https://nzzrpylddectbapxpazo.supabase.co/rest/v1/jobs "HTTP/2 201 Created"
2026-09-08 21:19:42,520 INFO   Saved: Python Backend Engineer - APIs @ EITACIES Inc.
2026-09-08 21:19:45,189 INFO HTTP Request: PATCH https://nzzrpylddectbapxpazo.supabase.co/rest/v1/jobs?id=eq.7d1b3202-144e-468f-8417-6d45cc432ab9 "HTTP/2 200 OK"
2026-09-08 21:19:46,710 INFO   Naukri: Backend Developer in Hyderabad
2026-09-08 21:19:53,875 INFO   Found 0 cards
2026-09-08 21:20:06,658 INFO   LinkedIn: Backend Developer in Hyderabad -> 25 found
2026-09-08 21:20:06,658 INFO   Naukri: Backend Developer in Bangalore
2026-09-08 21:20:13,930 INFO   Found 0 cards
2026-09-08 21:20:26,990 INFO   LinkedIn: Backend Developer in Bangalore -> 25 found
2026-09-08 21:20:26,990 INFO   Naukri: Backend Developer in Remote
2026-09-08 21:20:34,174 INFO   Found 0 cards
2026-09-08 21:20:47,185 INFO   LinkedIn: Backend Developer in Remote -> 25 found
2026-09-08 21:20:48,605 WARNING   YC API returned 406
2026-09-08 21:20:49,733 INFO HTTP Request: GET https://nzzrpylddectbapxpazo.supabase.co/rest/v1/jobs?select=id&job_url=eq.https%3A%2F%2Fil.linkedin.com%2Fjobs%2Fview%2Fsoftware-engineer-%25E2%2580%2593-networking-group-at-cato-networks-4425729579 "HTTP/2 200 OK"
2026-09-08 21:20:50,038 INFO HTTP Request: POST https://nzzrpylddectbapxpazo.supabase.co/rest/v1/jobs "HTTP/2 201 Created"
2026-09-08 21:20:50,040 INFO   Saved: Software Engineer – Networking Group @ Cato Networks
2026-09-08 21:20:52,693 INFO HTTP Request: PATCH https://nzzrpylddectbapxpazo.supabase.co/rest/v1/jobs?id=eq.1175519e-842b-4414-a579-2ce46de60ac2 "HTTP/2 200 OK"
2026-09-08 21:20:54,441 INFO HTTP Request: GET https://nzzrpylddectbapxpazo.supabase.co/rest/v1/jobs?select=id&job_url=eq.https%3A%2F%2Fil.linkedin.com%2Fjobs%2Fview%2Fbackend-engineer-at-wiz-4406755476 "HTTP/2 200 OK"
2026-09-08 21:20:54,646 INFO HTTP Request: POST https://nzzrpylddectbapxpazo.supabase.co/rest/v1/jobs "HTTP/2 201 Created"
2026-09-08 21:20:54,648 INFO   Saved: Backend Engineer @ Wiz
2026-09-08 21:20:57,308 INFO HTTP Request: PATCH https://nzzrpylddectbapxpazo.supabase.co/rest/v1/jobs?id=eq.8f236e1c-c643-44f3-8833-0d1c6c8787cb "HTTP/2 200 OK"
2026-09-08 21:20:59,050 INFO HTTP Request: GET https://nzzrpylddectbapxpazo.supabase.co/rest/v1/jobs?select=id&job_url=eq.https%3A%2F%2Fil.linkedin.com%2Fjobs%2Fview%2Fbackend-engineer-platform-at-paragon-4429311891 "HTTP/2 200 OK"
2026-09-08 21:20:59,214 INFO HTTP Request: POST https://nzzrpylddectbapxpazo.supabase.co/rest/v1/jobs "HTTP/2 201 Created"
2026-09-08 21:20:59,216 INFO   Saved: Backend Engineer - Platform @ Paragon
2026-09-08 21:21:01,813 INFO HTTP Request: PATCH https://nzzrpylddectbapxpazo.supabase.co/rest/v1/jobs?id=eq.b3abdcb4-d721-4e1a-b246-57820b9fb670 "HTTP/2 200 OK"
2026-09-08 21:21:03,555 INFO HTTP Request: GET https://nzzrpylddectbapxpazo.supabase.co/rest/v1/jobs?select=id&job_url=eq.https%3A%2F%2Fil.linkedin.com%2Fjobs%2Fview%2Fbackend-developer-at-nisha-%25D7%25A0%25D7%2599%25D7%25A9%25D7%2594-4462508221 "HTTP/2 200 OK"
2026-09-08 21:21:03,758 INFO HTTP Request: POST https://nzzrpylddectbapxpazo.supabase.co/rest/v1/jobs "HTTP/2 201 Created"
2026-09-08 21:21:06,421 INFO HTTP Request: PATCH https://nzzrpylddectbapxpazo.supabase.co/rest/v1/jobs?id=eq.fb27effd-7543-4588-953d-e90e9a1bcdff "HTTP/2 200 OK"
2026-09-08 21:21:08,164 INFO HTTP Request: GET https://nzzrpylddectbapxpazo.supabase.co/rest/v1/jobs?select=id&job_url=eq.https%3A%2F%2Fil.linkedin.com%2Fjobs%2Fview%2Fbackend-software-engineer-at-techaviv-4462242482 "HTTP/2 200 OK"
2026-09-08 21:21:08,368 INFO HTTP Request: GET https://nzzrpylddectbapxpazo.supabase.co/rest/v1/jobs?select=id&job_url=eq.https%3A%2F%2Fvn.linkedin.com%2Fjobs%2Fview%2Fsenior-software-engineer-backend-at-grab-4462951876 "HTTP/2 200 OK"
2026-09-08 21:21:08,572 INFO HTTP Request: POST https://nzzrpylddectbapxpazo.supabase.co/rest/v1/jobs "HTTP/2 201 Created"
2026-09-08 21:21:08,574 INFO   Saved: Senior Software Engineer, Backend @ Grab
2026-09-08 21:21:11,186 INFO HTTP Request: PATCH https://nzzrpylddectbapxpazo.supabase.co/rest/v1/jobs?id=eq.4848ddb5-13a8-47d2-aea7-88fdbfa6fca5 "HTTP/2 200 OK"
2026-09-08 21:21:12,970 INFO HTTP Request: GET https://nzzrpylddectbapxpazo.supabase.co/rest/v1/jobs?select=id&job_url=eq.https%3A%2F%2Fil.linkedin.com%2Fjobs%2Fview%2Fmid-level-backend-engineer-at-plus500%25E2%2584%25A2-4457233472 "HTTP/2 200 OK"
2026-09-08 21:21:13,141 INFO HTTP Request: POST https://nzzrpylddectbapxpazo.supabase.co/rest/v1/jobs "HTTP/2 201 Created"
2026-09-08 21:21:13,143 INFO   Saved: Mid-Level Backend Engineer @ Plus500™
2026-09-08 21:21:15,731 INFO HTTP Request: PATCH https://nzzrpylddectbapxpazo.supabase.co/rest/v1/jobs?id=eq.d53043ad-4835-4ad9-a826-326d72a0b239 "HTTP/2 200 OK"
2026-09-08 21:21:17,399 INFO HTTP Request: GET https://nzzrpylddectbapxpazo.supabase.co/rest/v1/jobs?select=id&job_url=eq.https%3A%2F%2Fie.linkedin.com%2Fjobs%2Fview%2Fbackend-engineer-api-payments-and-risk-at-stripe-4454553327 "HTTP/2 200 OK"
2026-09-08 21:21:17,685 INFO HTTP Request: POST https://nzzrpylddectbapxpazo.supabase.co/rest/v1/jobs "HTTP/2 201 Created"
2026-09-08 21:21:17,686 INFO   Saved: Backend Engineer/API, Payments and Risk @ Stripe
2026-09-08 21:21:20,348 INFO HTTP Request: PATCH https://nzzrpylddectbapxpazo.supabase.co/rest/v1/jobs?id=eq.a8e8d6be-2878-44dc-b5cb-29c9f6b7c9df "HTTP/2 200 OK"
2026-09-08 21:21:22,092 INFO HTTP Request: GET https://nzzrpylddectbapxpazo.supabase.co/rest/v1/jobs?select=id&job_url=eq.https%3A%2F%2Fnl.linkedin.com%2Fjobs%2Fview%2Fsoftware-engineer-i-backend-at-booking-com-4445287601 "HTTP/2 200 OK"
2026-09-08 21:21:22,292 INFO HTTP Request: POST https://nzzrpylddectbapxpazo.supabase.co/rest/v1/jobs "HTTP/2 201 Created"
2026-09-08 21:21:22,293 INFO   Saved: Software Engineer I - Backend @ Booking.com
2026-09-08 21:21:25,159 INFO HTTP Request: PATCH https://nzzrpylddectbapxpazo.supabase.co/rest/v1/jobs?id=eq.fbc2d5f7-d665-4045-b9a4-e7a40a0e7b22 "HTTP/2 200 OK"
2026-09-08 21:21:26,892 INFO HTTP Request: GET https://nzzrpylddectbapxpazo.supabase.co/rest/v1/jobs?select=id&job_url=eq.https%3A%2F%2Fnl.linkedin.com%2Fjobs%2Fview%2Fback-end-developer-at-netventis-4464374157 "HTTP/2 200 OK"
2026-09-08 21:21:27,078 INFO HTTP Request: POST https://nzzrpylddectbapxpazo.supabase.co/rest/v1/jobs "HTTP/2 201 Created"
2026-09-08 21:21:27,079 INFO   Saved: Back End Developer @ Netventis
2026-09-08 21:21:29,768 INFO HTTP Request: PATCH https://nzzrpylddectbapxpazo.supabase.co/rest/v1/jobs?id=eq.990f3a7b-02a4-497e-be2d-0baba9d2d4d7 "HTTP/2 200 OK"
2026-09-08 21:21:31,512 INFO HTTP Request: GET https://nzzrpylddectbapxpazo.supabase.co/rest/v1/jobs?select=id&job_url=eq.https%3A%2F%2Feg.linkedin.com%2Fjobs%2Fview%2Fbackend-developer-node-js-at-utopia-4462277477 "HTTP/2 200 OK"
2026-09-08 21:21:31,678 INFO HTTP Request: POST https://nzzrpylddectbapxpazo.supabase.co/rest/v1/jobs "HTTP/2 201 Created"
2026-09-08 21:21:31,679 INFO   Saved: Backend developer(node js) @ UtoPia
2026-09-08 21:21:34,558 INFO HTTP Request: PATCH https://nzzrpylddectbapxpazo.supabase.co/rest/v1/jobs?id=eq.ae0fb993-d2b2-4b1e-9192-db9ff7f41a3c "HTTP/2 200 OK"
2026-09-08 21:21:36,322 INFO HTTP Request: GET https://nzzrpylddectbapxpazo.supabase.co/rest/v1/jobs?select=id&job_url=eq.https%3A%2F%2Fil.linkedin.com%2Fjobs%2Fview%2Fsoftware-engineer-at-at-bay-4463506569 "HTTP/2 200 OK"
2026-09-08 21:21:36,509 INFO HTTP Request: POST https://nzzrpylddectbapxpazo.supabase.co/rest/v1/jobs "HTTP/2 201 Created"
2026-09-08 21:21:36,511 INFO   Saved: Software Engineer @ At-Bay
2026-09-08 21:21:39,086 INFO HTTP Request: PATCH https://nzzrpylddectbapxpazo.supabase.co/rest/v1/jobs?id=eq.6faf8aa6-167c-4161-9e39-a7c6635c38e4 "HTTP/2 200 OK"
2026-09-08 21:21:40,756 INFO HTTP Request: GET https://nzzrpylddectbapxpazo.supabase.co/rest/v1/jobs?select=id&job_url=eq.https%3A%2F%2Fse.linkedin.com%2Fjobs%2Fview%2Fbackend-developer-at-findity-4464386384 "HTTP/2 200 OK"
2026-09-08 21:21:40,939 INFO HTTP Request: POST https://nzzrpylddectbapxpazo.supabase.co/rest/v1/jobs "HTTP/2 201 Created"
2026-09-08 21:21:40,941 INFO   Saved: Backend Developer @ Findity
2026-09-08 21:21:43,695 INFO HTTP Request: PATCH https://nzzrpylddectbapxpazo.supabase.co/rest/v1/jobs?id=eq.34c0780a-d094-4ccc-86ce-328edb274f82 "HTTP/2 200 OK"
2026-09-08 21:21:45,436 INFO HTTP Request: GET https://nzzrpylddectbapxpazo.supabase.co/rest/v1/jobs?select=id&job_url=eq.https%3A%2F%2Fil.linkedin.com%2Fjobs%2Fview%2Fsenior-backend-engineer-at-faye-4288912418 "HTTP/2 200 OK"
2026-09-08 21:21:45,641 INFO HTTP Request: POST https://nzzrpylddectbapxpazo.supabase.co/rest/v1/jobs "HTTP/2 201 Created"
2026-09-08 21:21:45,642 INFO   Saved: Senior Backend Engineer @ Faye
2026-09-08 21:21:48,182 INFO HTTP Request: PATCH https://nzzrpylddectbapxpazo.supabase.co/rest/v1/jobs?id=eq.43cfe685-0e66-4984-a37b-b3b8061d3763 "HTTP/2 200 OK"
2026-09-08 21:21:49,941 INFO HTTP Request: GET https://nzzrpylddectbapxpazo.supabase.co/rest/v1/jobs?select=id&job_url=eq.https%3A%2F%2Fil.linkedin.com%2Fjobs%2Fview%2Fbackend-software-engineer-at-claroty-4462246278 "HTTP/2 200 OK"
2026-09-08 21:21:50,145 INFO HTTP Request: POST https://nzzrpylddectbapxpazo.supabase.co/rest/v1/jobs "HTTP/2 201 Created"
2026-09-08 21:21:50,147 INFO   Saved: Backend Software Engineer @ Claroty
2026-09-08 21:21:52,705 INFO HTTP Request: PATCH https://nzzrpylddectbapxpazo.supabase.co/rest/v1/jobs?id=eq.237fade0-2666-4c8f-8b38-b5e0fa14272d "HTTP/2 200 OK"
2026-09-08 21:21:54,446 INFO HTTP Request: GET https://nzzrpylddectbapxpazo.supabase.co/rest/v1/jobs?select=id&job_url=eq.https%3A%2F%2Fro.linkedin.com%2Fjobs%2Fview%2Fbackend-software-engineer-in-data-at-criteo-4418152830 "HTTP/2 200 OK"
2026-09-08 21:21:54,653 INFO HTTP Request: POST https://nzzrpylddectbapxpazo.supabase.co/rest/v1/jobs "HTTP/2 201 Created"
2026-09-08 21:21:54,655 INFO   Saved: Backend Software Engineer in Data @ Criteo
2026-09-08 21:21:57,417 INFO HTTP Request: PATCH https://nzzrpylddectbapxpazo.supabase.co/rest/v1/jobs?id=eq.21690e2e-4082-44c4-ac90-44a3a9470a02 "HTTP/2 200 OK"
2026-09-08 21:21:59,158 INFO HTTP Request: GET https://nzzrpylddectbapxpazo.supabase.co/rest/v1/jobs?select=id&job_url=eq.https%3A%2F%2Fth.linkedin.com%2Fjobs%2Fview%2Fback-end-developer-at-krungthai-bank-4463234460 "HTTP/2 200 OK"
2026-09-08 21:21:59,362 INFO HTTP Request: POST https://nzzrpylddectbapxpazo.supabase.co/rest/v1/jobs "HTTP/2 201 Created"
2026-09-08 21:21:59,364 INFO   Saved: Back End Developer @ Krungthai Bank
2026-09-08 21:22:02,428 INFO HTTP Request: PATCH https://nzzrpylddectbapxpazo.supabase.co/rest/v1/jobs?id=eq.6b8bd301-0282-4c9c-8f21-55e66e1e0fcb "HTTP/2 200 OK"
2026-09-08 21:22:04,175 INFO HTTP Request: GET https://nzzrpylddectbapxpazo.supabase.co/rest/v1/jobs?select=id&job_url=eq.https%3A%2F%2Fth.linkedin.com%2Fjobs%2Fview%2Fsoftware-engineer-at-the-able-by-king-power-4463244783 "HTTP/2 200 OK"
2026-09-08 21:22:04,381 INFO HTTP Request: POST https://nzzrpylddectbapxpazo.supabase.co/rest/v1/jobs "HTTP/2 201 Created"
2026-09-08 21:22:04,382 INFO   Saved: Software Engineer @ The Able by King Power
2026-09-08 21:22:06,939 INFO HTTP Request: PATCH https://nzzrpylddectbapxpazo.supabase.co/rest/v1/jobs?id=eq.9a1741d2-48f8-4518-ab00-789df166a45c "HTTP/2 200 OK"
2026-09-08 21:22:08,680 INFO HTTP Request: GET https://nzzrpylddectbapxpazo.supabase.co/rest/v1/jobs?select=id&job_url=eq.https%3A%2F%2Fvn.linkedin.com%2Fjobs%2Fview%2Fbackend-engineer-go-rust-c%252B%252B-at-moonbase-4463266168 "HTTP/2 200 OK"
2026-09-08 21:22:08,885 INFO HTTP Request: POST https://nzzrpylddectbapxpazo.supabase.co/rest/v1/jobs "HTTP/2 201 Created"
2026-09-08 21:22:08,887 INFO   Saved: Backend Engineer (Go, Rust, C++,..) @ Moonbase
2026-09-08 21:22:11,445 INFO HTTP Request: PATCH https://nzzrpylddectbapxpazo.supabase.co/rest/v1/jobs?id=eq.85c7539a-6498-4a88-8635-e865a5f800dc "HTTP/2 200 OK"
2026-09-08 21:22:13,200 INFO HTTP Request: GET https://nzzrpylddectbapxpazo.supabase.co/rest/v1/jobs?select=id&job_url=eq.https%3A%2F%2Ffi.linkedin.com%2Fjobs%2Fview%2Fsenior-backend-developer-internal-platform-at-verda-4427482821 "HTTP/2 200 OK"
2026-09-08 21:22:13,390 INFO HTTP Request: POST https://nzzrpylddectbapxpazo.supabase.co/rest/v1/jobs "HTTP/2 201 Created"
2026-09-08 21:22:13,392 INFO   Saved: Senior Backend Developer, Internal Platform @ Verda
2026-09-08 21:22:16,462 INFO HTTP Request: PATCH https://nzzrpylddectbapxpazo.supabase.co/rest/v1/jobs?id=eq.6fb6f865-45b7-4551-a401-730469e9c7ca "HTTP/2 200 OK"
2026-09-08 21:22:18,188 INFO HTTP Request: GET https://nzzrpylddectbapxpazo.supabase.co/rest/v1/jobs?select=id&job_url=eq.https%3A%2F%2Fam.linkedin.com%2Fjobs%2Fview%2Fbackend-engineer-golang-at-sensor-tower-4462230250 "HTTP/2 200 OK"
2026-09-08 21:22:18,408 INFO HTTP Request: POST https://nzzrpylddectbapxpazo.supabase.co/rest/v1/jobs "HTTP/2 201 Created"
2026-09-08 21:22:18,410 INFO   Saved: Backend Engineer - Golang @ Sensor Tower
2026-09-08 21:22:21,685 INFO HTTP Request: PATCH https://nzzrpylddectbapxpazo.supabase.co/rest/v1/jobs?id=eq.20665454-5041-4451-94ce-f2c33eb4c74f "HTTP/2 200 OK"
2026-09-08 21:22:23,425 INFO HTTP Request: GET https://nzzrpylddectbapxpazo.supabase.co/rest/v1/jobs?select=id&job_url=eq.https%3A%2F%2Fhr.linkedin.com%2Fjobs%2Fview%2Fsenior-software-engineer-backend-at-super-4330843266 "HTTP/2 200 OK"
2026-09-08 21:22:23,631 INFO HTTP Request: POST https://nzzrpylddectbapxpazo.supabase.co/rest/v1/jobs "HTTP/2 201 Created"
2026-09-08 21:22:23,632 INFO   Saved: Senior Software Engineer (Backend) @ Super
2026-09-08 21:22:26,584 INFO HTTP Request: PATCH https://nzzrpylddectbapxpazo.supabase.co/rest/v1/jobs?id=eq.0014fbd0-8fc5-4f5a-9aab-b23d50cd58c2 "HTTP/2 200 OK"
2026-09-08 21:22:28,340 INFO HTTP Request: GET https://nzzrpylddectbapxpazo.supabase.co/rest/v1/jobs?select=id&job_url=eq.https%3A%2F%2Fil.linkedin.com%2Fjobs%2Fview%2Fsenior-software-engineer-backend-platform-at-nvidia-4462978680 "HTTP/2 200 OK"
2026-09-08 21:22:28,547 INFO HTTP Request: POST https://nzzrpylddectbapxpazo.supabase.co/rest/v1/jobs "HTTP/2 201 Created"
2026-09-08 21:22:28,548 INFO   Saved: Senior Software Engineer - Backend Platform @ NVIDIA
2026-09-08 21:22:31,192 INFO HTTP Request: PATCH https://nzzrpylddectbapxpazo.supabase.co/rest/v1/jobs?id=eq.4c0becc2-f9c1-47f3-a030-be0e948f472b "HTTP/2 200 OK"
2026-09-08 21:22:32,949 INFO HTTP Request: GET https://nzzrpylddectbapxpazo.supabase.co/rest/v1/jobs?select=id&job_url=eq.https%3A%2F%2Ffi.linkedin.com%2Fjobs%2Fview%2Fsenior-backend-engineer-cloud-at-verda-4409959663 "HTTP/2 200 OK"
2026-09-08 21:22:33,123 INFO HTTP Request: POST https://nzzrpylddectbapxpazo.supabase.co/rest/v1/jobs "HTTP/2 201 Created"
2026-09-08 21:22:33,124 INFO   Saved: Senior Backend Engineer, Cloud @ Verda
2026-09-08 21:22:35,716 INFO HTTP Request: PATCH https://nzzrpylddectbapxpazo.supabase.co/rest/v1/jobs?id=eq.aacc21f9-32c1-4e9b-8741-f5264f0e79e4 "HTTP/2 200 OK"
2026-09-08 21:22:37,455 INFO HTTP Request: GET https://nzzrpylddectbapxpazo.supabase.co/rest/v1/jobs?select=id&job_url=eq.https%3A%2F%2Fca.linkedin.com%2Fjobs%2Fview%2Fsoftware-engineer-ii-software-developer-backend-at-sony-interactive-entertainment-4452533132 "HTTP/2 200 OK"
2026-09-08 21:22:37,658 INFO HTTP Request: POST https://nzzrpylddectbapxpazo.supabase.co/rest/v1/jobs "HTTP/2 201 Created"
2026-09-08 21:22:37,660 INFO   Saved: Software Engineer II/ Software Developer (Backend) @ Sony Interactive Entertainment
2026-09-08 21:22:40,321 INFO HTTP Request: PATCH https://nzzrpylddectbapxpazo.supabase.co/rest/v1/jobs?id=eq.aec4a36d-53cb-47a7-8f56-5f845d761e14 "HTTP/2 200 OK"
2026-09-08 21:22:41,853 INFO   Naukri: Software Engineer Python in Hyderabad
2026-09-08 21:22:49,294 INFO   Found 0 cards
2026-09-08 21:23:03,327 INFO   LinkedIn: Software Engineer Python in Hyderabad -> 25 found
2026-09-08 21:23:03,327 INFO   Naukri: Software Engineer Python in Bangalore
2026-09-08 21:23:10,550 INFO   Found 0 cards
2026-09-08 21:23:24,529 INFO   LinkedIn: Software Engineer Python in Bangalore -> 25 found
2026-09-08 21:23:24,530 INFO   Naukri: Software Engineer Python in Remote
2026-09-08 21:23:31,748 INFO   Found 0 cards
2026-09-08 21:23:44,654 INFO   LinkedIn: Software Engineer Python in Remote -> 25 found
2026-09-08 21:23:45,653 WARNING   YC API returned 406
2026-09-08 21:23:46,165 INFO HTTP Request: GET https://nzzrpylddectbapxpazo.supabase.co/rest/v1/jobs?select=id&job_url=eq.https%3A%2F%2Fuk.linkedin.com%2Fjobs%2Fview%2Fsoftware-developer-python-up-to-%25C2%25A3140-000-%252B-bonus-%252B-package-at-hunter-bond-4462217934 "HTTP/2 200 OK"
2026-09-08 21:23:46,667 INFO HTTP Request: POST https://nzzrpylddectbapxpazo.supabase.co/rest/v1/jobs "HTTP/2 201 Created"
2026-09-08 21:23:46,669 INFO   Saved: Software Developer (Python) - Up to £140,000 + Bonus + Package @ Hunter Bond
2026-09-08 21:23:49,338 INFO HTTP Request: PATCH https://nzzrpylddectbapxpazo.supabase.co/rest/v1/jobs?id=eq.413e7374-23b0-4920-a757-e63f5532a8cf "HTTP/2 200 OK"
2026-09-08 21:23:51,080 INFO HTTP Request: GET https://nzzrpylddectbapxpazo.supabase.co/rest/v1/jobs?select=id&job_url=eq.https%3A%2F%2Fnl.linkedin.com%2Fjobs%2Fview%2Fpython-software-engineer-at-imc-trading-4329479385 "HTTP/2 200 OK"
2026-09-08 21:23:51,284 INFO HTTP Request: GET https://nzzrpylddectbapxpazo.supabase.co/rest/v1/jobs?select=id&job_url=eq.https%3A%2F%2Fuk.linkedin.com%2Fjobs%2Fview%2Fpython-developer-at-venture-up-4464468641 "HTTP/2 200 OK"
2026-09-08 21:23:51,489 INFO HTTP Request: POST https://nzzrpylddectbapxpazo.supabase.co/rest/v1/jobs "HTTP/2 201 Created"
2026-09-08 21:23:51,490 INFO   Saved: Python Developer @ Venture Up
2026-09-08 21:23:54,663 INFO HTTP Request: PATCH https://nzzrpylddectbapxpazo.supabase.co/rest/v1/jobs?id=eq.57618420-5495-405e-aa94-d59a16e7e03a "HTTP/2 200 OK"
2026-09-08 21:23:56,405 INFO HTTP Request: GET https://nzzrpylddectbapxpazo.supabase.co/rest/v1/jobs?select=id&job_url=eq.https%3A%2F%2Fnl.linkedin.com%2Fjobs%2Fview%2Fpython-engineer-at-signify-technology-4407962411 "HTTP/2 200 OK"
2026-09-08 21:23:56,581 INFO HTTP Request: GET https://nzzrpylddectbapxpazo.supabase.co/rest/v1/jobs?select=id&job_url=eq.https%3A%2F%2Fuk.linkedin.com%2Fjobs%2Fview%2Fsoftware-engineer-at-stream-4463299292 "HTTP/2 200 OK"
2026-09-08 21:23:56,814 INFO HTTP Request: POST https://nzzrpylddectbapxpazo.supabase.co/rest/v1/jobs "HTTP/2 201 Created"
2026-09-08 21:23:56,816 INFO   Saved: Software Engineer @ Stream
2026-09-08 21:24:03,576 INFO HTTP Request: PATCH https://nzzrpylddectbapxpazo.supabase.co/rest/v1/jobs?id=eq.f4f97e51-0bd4-49d6-b789-6fc40823ed8b "HTTP/2 200 OK"
2026-09-08 21:24:05,314 INFO HTTP Request: GET https://nzzrpylddectbapxpazo.supabase.co/rest/v1/jobs?select=id&job_url=eq.https%3A%2F%2Fuk.linkedin.com%2Fjobs%2Fview%2Fpython-developer-at-signify-technology-4462512280 "HTTP/2 200 OK"
2026-09-08 21:24:05,620 INFO HTTP Request: GET https://nzzrpylddectbapxpazo.supabase.co/rest/v1/jobs?select=id&job_url=eq.https%3A%2F%2Fbe.linkedin.com%2Fjobs%2Fview%2Fpython-engineer-at-jobbsquare-belgie-4462261032 "HTTP/2 200 OK"
2026-09-08 21:24:05,834 INFO HTTP Request: GET https://nzzrpylddectbapxpazo.supabase.co/rest/v1/jobs?select=id&job_url=eq.https%3A%2F%2Fuk.linkedin.com%2Fjobs%2Fview%2Fpython-developer-london-up-to-%25C2%25A3160-000-starting-base-%252B-exceptional-bonuses-benefits-at-hunter-bond-4462245204 "HTTP/2 200 OK"
2026-09-08 21:24:06,029 INFO HTTP Request: POST https://nzzrpylddectbapxpazo.supabase.co/rest/v1/jobs "HTTP/2 201 Created"
2026-09-08 21:24:06,030 INFO   Saved: Python Developer - London - Up to £160,000 Starting Base + Exceptional Bonuses/Benefits @ Hunter Bond
2026-09-08 21:24:08,659 INFO HTTP Request: PATCH https://nzzrpylddectbapxpazo.supabase.co/rest/v1/jobs?id=eq.d14fc7fe-506a-4e69-a4e8-7c2c2a980f91 "HTTP/2 200 OK"
2026-09-08 21:24:10,434 INFO HTTP Request: GET https://nzzrpylddectbapxpazo.supabase.co/rest/v1/jobs?select=id&job_url=eq.https%3A%2F%2Fde.linkedin.com%2Fjobs%2Fview%2Fsoftware-engineer-python-at-audatic-4462980082 "HTTP/2 200 OK"
2026-09-08 21:24:10,638 INFO HTTP Request: GET https://nzzrpylddectbapxpazo.supabase.co/rest/v1/jobs?select=id&job_url=eq.https%3A%2F%2Fuk.linkedin.com%2Fjobs%2Fview%2Fpython-developer-at-virtuetech-recruitment-group-4462287351 "HTTP/2 200 OK"
2026-09-08 21:24:10,805 INFO HTTP Request: POST https://nzzrpylddectbapxpazo.supabase.co/rest/v1/jobs "HTTP/2 201 Created"
2026-09-08 21:24:10,807 INFO   Saved: Python Developer @ VirtueTech Recruitment Group
2026-09-08 21:24:13,373 INFO HTTP Request: PATCH https://nzzrpylddectbapxpazo.supabase.co/rest/v1/jobs?id=eq.615dc41b-81bc-44bd-b8ee-da9023c7299e "HTTP/2 200 OK"
2026-09-08 21:24:17,218 INFO HTTP Request: GET https://nzzrpylddectbapxpazo.supabase.co/rest/v1/jobs?select=id&job_url=eq.https%3A%2F%2Fie.linkedin.com%2Fjobs%2Fview%2Fpython-engineer-job-spec-at-bizimply-4464352950 "HTTP/2 200 OK"
2026-09-08 21:24:17,396 INFO HTTP Request: GET https://nzzrpylddectbapxpazo.supabase.co/rest/v1/jobs?select=id&job_url=eq.https%3A%2F%2Fuk.linkedin.com%2Fjobs%2Fview%2Fsoftware-engineer-at-experis-uk-4460242689 "HTTP/2 200 OK"
2026-09-08 21:24:17,553 INFO HTTP Request: POST https://nzzrpylddectbapxpazo.supabase.co/rest/v1/jobs "HTTP/2 201 Created"
2026-09-08 21:24:17,555 INFO   Saved: Software Engineer @ Experis UK
2026-09-08 21:24:20,162 INFO HTTP Request: PATCH https://nzzrpylddectbapxpazo.supabase.co/rest/v1/jobs?id=eq.7f14312e-ce2a-4690-8c0d-2177d33fac29 "HTTP/2 200 OK"
2026-09-08 21:24:21,838 INFO HTTP Request: GET https://nzzrpylddectbapxpazo.supabase.co/rest/v1/jobs?select=id&job_url=eq.https%3A%2F%2Fuk.linkedin.com%2Fjobs%2Fview%2Fsoftware-engineer-at-thought-machine-4455524107 "HTTP/2 200 OK"
2026-09-08 21:24:22,004 INFO HTTP Request: POST https://nzzrpylddectbapxpazo.supabase.co/rest/v1/jobs "HTTP/2 201 Created"
2026-09-08 21:24:22,005 INFO   Saved: Software Engineer @ Thought Machine
2026-09-08 21:24:24,626 INFO HTTP Request: PATCH https://nzzrpylddectbapxpazo.supabase.co/rest/v1/jobs?id=eq.219531a8-fca6-4d6b-86d5-960365b8d932 "HTTP/2 200 OK"
2026-09-08 21:24:26,305 INFO HTTP Request: GET https://nzzrpylddectbapxpazo.supabase.co/rest/v1/jobs?select=id&job_url=eq.https%3A%2F%2Fch.linkedin.com%2Fjobs%2Fview%2Fsoftware-engineer-backend-at-founderful-4464371534 "HTTP/2 200 OK"
2026-09-08 21:24:26,468 INFO HTTP Request: POST https://nzzrpylddectbapxpazo.supabase.co/rest/v1/jobs "HTTP/2 201 Created"
2026-09-08 21:24:26,470 INFO   Saved: Software Engineer, Backend @ Founderful
2026-09-08 21:24:29,834 INFO HTTP Request: PATCH https://nzzrpylddectbapxpazo.supabase.co/rest/v1/jobs?id=eq.ec2fb1aa-c4f9-491e-bd6b-7d70f5d048b4 "HTTP/2 200 OK"
2026-09-08 21:24:31,737 INFO HTTP Request: GET https://nzzrpylddectbapxpazo.supabase.co/rest/v1/jobs?select=id&job_url=eq.https%3A%2F%2Fuk.linkedin.com%2Fjobs%2Fview%2Fcore-python-developer-at-aaa-global-4464489875 "HTTP/2 200 OK"
2026-09-08 21:24:31,942 INFO HTTP Request: POST https://nzzrpylddectbapxpazo.supabase.co/rest/v1/jobs "HTTP/2 201 Created"
2026-09-08 21:24:32,041 INFO   Saved: Core Python Developer @ AAA Global
2026-09-08 21:24:34,703 INFO HTTP Request: PATCH https://nzzrpylddectbapxpazo.supabase.co/rest/v1/jobs?id=eq.f11ff338-672f-4994-8e1d-4acbe1f551d6 "HTTP/2 200 OK"
2026-09-08 21:24:36,443 INFO HTTP Request: GET https://nzzrpylddectbapxpazo.supabase.co/rest/v1/jobs?select=id&job_url=eq.https%3A%2F%2Fro.linkedin.com%2Fjobs%2Fview%2Fpython-developer-at-luxoft-4462400881 "HTTP/2 200 OK"
2026-09-08 21:24:36,648 INFO HTTP Request: POST https://nzzrpylddectbapxpazo.supabase.co/rest/v1/jobs "HTTP/2 201 Created"
2026-09-08 21:24:36,649 INFO   Saved: Python Developer @ Luxoft
2026-09-08 21:24:39,310 INFO HTTP Request: PATCH https://nzzrpylddectbapxpazo.supabase.co/rest/v1/jobs?id=eq.eb6f120d-70be-4cc8-b374-4de6ba64903d "HTTP/2 200 OK"
2026-09-08 21:24:41,049 INFO HTTP Request: GET https://nzzrpylddectbapxpazo.supabase.co/rest/v1/jobs?select=id&job_url=eq.https%3A%2F%2Fuk.linkedin.com%2Fjobs%2Fview%2Fsoftware-engineer-at-lloyds-banking-group-4463508595 "HTTP/2 200 OK"
2026-09-08 21:24:41,257 INFO HTTP Request: POST https://nzzrpylddectbapxpazo.supabase.co/rest/v1/jobs "HTTP/2 201 Created"
2026-09-08 21:24:41,259 INFO   Saved: Software Engineer @ Lloyds Banking Group
2026-09-08 21:24:43,833 INFO HTTP Request: PATCH https://nzzrpylddectbapxpazo.supabase.co/rest/v1/jobs?id=eq.f87422df-2ab4-4eae-9385-3445e744905e "HTTP/2 200 OK"
2026-09-08 21:24:45,556 INFO HTTP Request: GET https://nzzrpylddectbapxpazo.supabase.co/rest/v1/jobs?select=id&job_url=eq.https%3A%2F%2Fuk.linkedin.com%2Fjobs%2Fview%2Fsoftware-engineer-at-lloyds-banking-group-4463515632 "HTTP/2 200 OK"
2026-09-08 21:24:45,715 INFO HTTP Request: POST https://nzzrpylddectbapxpazo.supabase.co/rest/v1/jobs "HTTP/2 201 Created"
2026-09-08 21:24:45,717 INFO   Saved: Software Engineer @ Lloyds Banking Group
2026-09-08 21:24:48,423 INFO HTTP Request: PATCH https://nzzrpylddectbapxpazo.supabase.co/rest/v1/jobs?id=eq.a8bde27e-3a35-4079-b9a8-8aaff13bf92b "HTTP/2 200 OK"
2026-09-08 21:24:50,164 INFO HTTP Request: GET https://nzzrpylddectbapxpazo.supabase.co/rest/v1/jobs?select=id&job_url=eq.https%3A%2F%2Fde.linkedin.com%2Fjobs%2Fview%2Fsenior-software-engineer-python-at-audatic-4462976141 "HTTP/2 200 OK"
2026-09-08 21:24:50,369 INFO HTTP Request: POST https://nzzrpylddectbapxpazo.supabase.co/rest/v1/jobs "HTTP/2 201 Created"
2026-09-08 21:24:50,371 INFO   Saved: Senior Software Engineer (Python) @ Audatic
2026-09-08 21:24:53,031 INFO HTTP Request: PATCH https://nzzrpylddectbapxpazo.supabase.co/rest/v1/jobs?id=eq.3f6862cd-7556-411c-821d-0360bddca610 "HTTP/2 200 OK"
2026-09-08 21:24:54,773 INFO HTTP Request: GET https://nzzrpylddectbapxpazo.supabase.co/rest/v1/jobs?select=id&job_url=eq.https%3A%2F%2Fno.linkedin.com%2Fjobs%2Fview%2Fpython-developer-at-european-tech-recruit-4464470422 "HTTP/2 200 OK"
2026-09-08 21:24:54,977 INFO HTTP Request: POST https://nzzrpylddectbapxpazo.supabase.co/rest/v1/jobs "HTTP/2 201 Created"
2026-09-08 21:24:54,978 INFO   Saved: Python Developer @ European Tech Recruit
2026-09-08 21:24:57,947 INFO HTTP Request: PATCH https://nzzrpylddectbapxpazo.supabase.co/rest/v1/jobs?id=eq.6d5bf9c4-6c91-4f66-88cf-c84eae3ff1c2 "HTTP/2 200 OK"
2026-09-08 21:24:59,671 INFO HTTP Request: GET https://nzzrpylddectbapxpazo.supabase.co/rest/v1/jobs?select=id&job_url=eq.https%3A%2F%2Fuk.linkedin.com%2Fjobs%2Fview%2Fsoftware-engineer-at-redtech-recruitment-4462278936 "HTTP/2 200 OK"
2026-09-08 21:24:59,844 INFO HTTP Request: POST https://nzzrpylddectbapxpazo.supabase.co/rest/v1/jobs "HTTP/2 201 Created"
2026-09-08 21:24:59,846 INFO   Saved: Software Engineer @ RedTech Recruitment
2026-09-08 21:25:02,458 INFO HTTP Request: PATCH https://nzzrpylddectbapxpazo.supabase.co/rest/v1/jobs?id=eq.0d24c3ce-7fc1-4a10-9f1d-a93b1812690b "HTTP/2 200 OK"
2026-09-08 21:25:04,192 INFO HTTP Request: GET https://nzzrpylddectbapxpazo.supabase.co/rest/v1/jobs?select=id&job_url=eq.https%3A%2F%2Fpt.linkedin.com%2Fjobs%2Fview%2Fai-engineer-at-caixa-m%25C3%25A1gica-software-4464349975 "HTTP/2 200 OK"
2026-09-08 21:25:04,348 INFO HTTP Request: POST https://nzzrpylddectbapxpazo.supabase.co/rest/v1/jobs "HTTP/2 201 Created"
2026-09-08 21:25:04,350 INFO   Saved: AI Engineer @ Caixa Mágica Software
2026-09-08 21:25:08,084 INFO HTTP Request: PATCH https://nzzrpylddectbapxpazo.supabase.co/rest/v1/jobs?id=eq.0e7af380-375b-40ee-a604-e9c272c09561 "HTTP/2 200 OK"
2026-09-08 21:25:09,822 INFO HTTP Request: GET https://nzzrpylddectbapxpazo.supabase.co/rest/v1/jobs?select=id&job_url=eq.https%3A%2F%2Fnl.linkedin.com%2Fjobs%2Fview%2Fquantitative-developer-at-blocktech-4437783362 "HTTP/2 200 OK"
2026-09-08 21:25:10,033 INFO HTTP Request: POST https://nzzrpylddectbapxpazo.supabase.co/rest/v1/jobs "HTTP/2 201 Created"
2026-09-08 21:25:10,034 INFO   Saved: Quantitative Developer @ BlockTech
2026-09-08 21:25:13,002 INFO HTTP Request: PATCH https://nzzrpylddectbapxpazo.supabase.co/rest/v1/jobs?id=eq.d6ebad89-609b-4b46-a6bd-ff473ae19c1a "HTTP/2 200 OK"
2026-09-08 21:25:14,739 INFO HTTP Request: GET https://nzzrpylddectbapxpazo.supabase.co/rest/v1/jobs?select=id&job_url=eq.https%3A%2F%2Fuk.linkedin.com%2Fjobs%2Fview%2Fbackend-software-engineer-python-aws-trading-at-client-server-4464359998 "HTTP/2 200 OK"
2026-09-08 21:25:14,900 INFO HTTP Request: POST https://nzzrpylddectbapxpazo.supabase.co/rest/v1/jobs "HTTP/2 201 Created"
2026-09-08 21:25:14,902 INFO   Saved: Backend Software Engineer Python AWS - Trading @ Client Server
2026-09-08 21:25:17,505 INFO HTTP Request: PATCH https://nzzrpylddectbapxpazo.supabase.co/rest/v1/jobs?id=eq.d930e8f7-f7c6-4bf2-8e7a-e5ca2986f51d "HTTP/2 200 OK"
2026-09-08 21:25:19,245 INFO HTTP Request: GET https://nzzrpylddectbapxpazo.supabase.co/rest/v1/jobs?select=id&job_url=eq.https%3A%2F%2Fes.linkedin.com%2Fjobs%2Fview%2Fbackend-software-engineer-at-flanks-4462993171 "HTTP/2 200 OK"
2026-09-08 21:25:19,449 INFO HTTP Request: POST https://nzzrpylddectbapxpazo.supabase.co/rest/v1/jobs "HTTP/2 201 Created"
2026-09-08 21:25:19,450 INFO   Saved: Backend Software Engineer @ Flanks
2026-09-08 21:25:23,026 INFO HTTP Request: PATCH https://nzzrpylddectbapxpazo.supabase.co/rest/v1/jobs?id=eq.014efe81-559e-4228-a3f1-a8f01fc597af "HTTP/2 200 OK"
2026-09-08 21:25:28,642 INFO   Naukri: Data Analyst Python in Hyderabad
2026-09-08 21:25:35,895 INFO   Found 0 cards
2026-09-08 21:25:48,876 INFO   LinkedIn: Data Analyst Python in Hyderabad -> 25 found
2026-09-08 21:25:48,876 INFO   Naukri: Data Analyst Python in Bangalore
2026-09-08 21:25:56,038 INFO   Found 0 cards
2026-09-08 21:26:08,836 INFO   LinkedIn: Data Analyst Python in Bangalore -> 25 found
2026-09-08 21:26:08,836 INFO   Naukri: Data Analyst Python in Remote
2026-09-08 21:26:16,049 INFO   Found 0 cards
2026-09-08 21:26:28,860 INFO   LinkedIn: Data Analyst Python in Remote -> 25 found
2026-09-08 21:26:31,235 WARNING   YC API returned 406
2026-09-08 21:26:33,178 INFO HTTP Request: GET https://nzzrpylddectbapxpazo.supabase.co/rest/v1/jobs?select=id&job_url=eq.https%3A%2F%2Fsi.linkedin.com%2Fjobs%2Fview%2Fdata-scientist-at-plume-4464617240 "HTTP/2 200 OK"
2026-09-08 21:26:33,418 INFO HTTP Request: POST https://nzzrpylddectbapxpazo.supabase.co/rest/v1/jobs "HTTP/2 201 Created"
2026-09-08 21:26:33,420 INFO   Saved: Data Scientist @ Plume
2026-09-08 21:26:36,416 INFO HTTP Request: PATCH https://nzzrpylddectbapxpazo.supabase.co/rest/v1/jobs?id=eq.34c592ef-3a3a-4033-ac2e-35a92d2c2707 "HTTP/2 200 OK"
2026-09-08 21:26:38,195 INFO HTTP Request: GET https://nzzrpylddectbapxpazo.supabase.co/rest/v1/jobs?select=id&job_url=eq.https%3A%2F%2Fbg.linkedin.com%2Fjobs%2Fview%2Fdata-science-expert-at-pwc-bulgaria-4306386655 "HTTP/2 200 OK"
2026-09-08 21:26:38,507 INFO HTTP Request: POST https://nzzrpylddectbapxpazo.supabase.co/rest/v1/jobs "HTTP/2 201 Created"
2026-09-08 21:26:38,509 INFO   Saved: Data Science Expert @ PwC Bulgaria
2026-09-08 21:26:42,350 INFO HTTP Request: PATCH https://nzzrpylddectbapxpazo.supabase.co/rest/v1/jobs?id=eq.3992c97e-dea6-4884-993c-d41198167853 "HTTP/2 200 OK"
2026-09-08 21:26:44,135 INFO HTTP Request: GET https://nzzrpylddectbapxpazo.supabase.co/rest/v1/jobs?select=id&job_url=eq.https%3A%2F%2Fpk.linkedin.com%2Fjobs%2Fview%2Fdata-scientist-python-remote-at-hired-4464415380 "HTTP/2 200 OK"
2026-09-08 21:26:44,442 INFO HTTP Request: POST https://nzzrpylddectbapxpazo.supabase.co/rest/v1/jobs "HTTP/2 201 Created"
2026-09-08 21:26:44,444 INFO   Saved: Data Scientist - Python (Remote) @ Hired
2026-09-08 21:26:47,457 INFO HTTP Request: PATCH https://nzzrpylddectbapxpazo.supabase.co/rest/v1/jobs?id=eq.11f58da3-1f30-4557-b065-6c66e3264b9c "HTTP/2 200 OK"
2026-09-08 21:26:49,153 INFO HTTP Request: GET https://nzzrpylddectbapxpazo.supabase.co/rest/v1/jobs?select=id&job_url=eq.https%3A%2F%2Fes.linkedin.com%2Fjobs%2Fview%2Fanalista-de-datos-python-at-onhunters-4464472060 "HTTP/2 200 OK"
2026-09-08 21:26:49,356 INFO HTTP Request: POST https://nzzrpylddectbapxpazo.supabase.co/rest/v1/jobs "HTTP/2 201 Created"
2026-09-08 21:26:49,357 INFO   Saved: Analista de Datos - Python @ onhunters
2026-09-08 21:26:52,429 INFO HTTP Request: PATCH https://nzzrpylddectbapxpazo.supabase.co/rest/v1/jobs?id=eq.fd6916ab-fc75-4051-9c42-6c2ee19f7719 "HTTP/2 200 OK"
2026-09-08 21:26:54,169 INFO HTTP Request: GET https://nzzrpylddectbapxpazo.supabase.co/rest/v1/jobs?select=id&job_url=eq.https%3A%2F%2Fnl.linkedin.com%2Fjobs%2Fview%2Fdata-specialist-at-albert-heijn-4464610652 "HTTP/2 200 OK"
2026-09-08 21:26:54,479 INFO HTTP Request: POST https://nzzrpylddectbapxpazo.supabase.co/rest/v1/jobs "HTTP/2 201 Created"
2026-09-08 21:26:54,480 INFO   Saved: Data Specialist @ Albert Heijn
2026-09-08 21:26:58,367 INFO HTTP Request: PATCH https://nzzrpylddectbapxpazo.supabase.co/rest/v1/jobs?id=eq.a0427dae-55b9-430b-b4fa-b26bb14cb70e "HTTP/2 200 OK"
2026-09-08 21:27:00,108 INFO HTTP Request: GET https://nzzrpylddectbapxpazo.supabase.co/rest/v1/jobs?select=id&job_url=eq.https%3A%2F%2Fbg.linkedin.com%2Fjobs%2Fview%2Fdata-engineer-at-a1-telekom-austria-group-4461776038 "HTTP/2 200 OK"
2026-09-08 21:27:00,313 INFO HTTP Request: POST https://nzzrpylddectbapxpazo.supabase.co/rest/v1/jobs "HTTP/2 201 Created"
2026-09-08 21:27:00,315 INFO   Saved: Data Engineer @ A1 Telekom Austria Group
2026-09-08 21:27:02,874 INFO HTTP Request: PATCH https://nzzrpylddectbapxpazo.supabase.co/rest/v1/jobs?id=eq.0993fdb1-8996-4e64-afc3-c6ef8fdf5a76 "HTTP/2 200 OK"
2026-09-08 21:27:04,614 INFO HTTP Request: GET https://nzzrpylddectbapxpazo.supabase.co/rest/v1/jobs?select=id&job_url=eq.https%3A%2F%2Fbg.linkedin.com%2Fjobs%2Fview%2Fdata-ml-analyst-at-nielseniq-4463520267 "HTTP/2 200 OK"
2026-09-08 21:27:04,819 INFO HTTP Request: POST https://nzzrpylddectbapxpazo.supabase.co/rest/v1/jobs "HTTP/2 201 Created"
2026-09-08 21:27:04,820 INFO   Saved: Data / ML Analyst @ NielsenIQ
2026-09-08 21:27:07,330 INFO HTTP Request: PATCH https://nzzrpylddectbapxpazo.supabase.co/rest/v1/jobs?id=eq.42a6ce34-80fb-423b-981e-077cc64de54e "HTTP/2 200 OK"
2026-09-08 21:27:08,997 INFO HTTP Request: GET https://nzzrpylddectbapxpazo.supabase.co/rest/v1/jobs?select=id&job_url=eq.https%3A%2F%2Fes.linkedin.com%2Fjobs%2Fview%2Fdata-analyst-at-changetheblock-4463266272 "HTTP/2 200 OK"
2026-09-08 21:27:09,180 INFO HTTP Request: POST https://nzzrpylddectbapxpazo.supabase.co/rest/v1/jobs "HTTP/2 201 Created"
2026-09-08 21:27:09,182 INFO   Saved: Data Analyst @ ChangeTheBlock
2026-09-08 21:27:11,987 INFO HTTP Request: PATCH https://nzzrpylddectbapxpazo.supabase.co/rest/v1/jobs?id=eq.ba615f6a-1899-4689-a3c2-a7d67846e750 "HTTP/2 200 OK"
2026-09-08 21:27:13,727 INFO HTTP Request: GET https://nzzrpylddectbapxpazo.supabase.co/rest/v1/jobs?select=id&job_url=eq.https%3A%2F%2Fgr.linkedin.com%2Fjobs%2Fview%2Fdata-engineer-at-aegean-airlines-4463512123 "HTTP/2 200 OK"
2026-09-08 21:27:13,933 INFO HTTP Request: POST https://nzzrpylddectbapxpazo.supabase.co/rest/v1/jobs "HTTP/2 201 Created"
2026-09-08 21:27:13,935 INFO   Saved: Data Engineer @ Aegean Airlines
2026-09-08 21:27:16,594 INFO HTTP Request: PATCH https://nzzrpylddectbapxpazo.supabase.co/rest/v1/jobs?id=eq.b470ce7f-555c-4a57-89ee-5763f2a8d5de "HTTP/2 200 OK"
2026-09-08 21:27:18,335 INFO HTTP Request: GET https://nzzrpylddectbapxpazo.supabase.co/rest/v1/jobs?select=id&job_url=eq.https%3A%2F%2Fbg.linkedin.com%2Fjobs%2Fview%2Fdata-and-index-analyst-at-fastmarkets-4464485273 "HTTP/2 200 OK"
2026-09-08 21:27:18,540 INFO HTTP Request: POST https://nzzrpylddectbapxpazo.supabase.co/rest/v1/jobs "HTTP/2 201 Created"
2026-09-08 21:27:18,542 INFO   Saved: Data and Index Analyst @ Fastmarkets
2026-09-08 21:27:21,204 INFO HTTP Request: PATCH https://nzzrpylddectbapxpazo.supabase.co/rest/v1/jobs?id=eq.0b04e7c3-e04f-4050-8bed-9952372f6e67 "HTTP/2 200 OK"
2026-09-08 21:27:22,944 INFO HTTP Request: GET https://nzzrpylddectbapxpazo.supabase.co/rest/v1/jobs?select=id&job_url=eq.https%3A%2F%2Fvn.linkedin.com%2Fjobs%2Fview%2Fdata-automation-specialist-at-intrepid-asia-4464481134 "HTTP/2 200 OK"
2026-09-08 21:27:23,149 INFO HTTP Request: POST https://nzzrpylddectbapxpazo.supabase.co/rest/v1/jobs "HTTP/2 201 Created"
2026-09-08 21:27:23,150 INFO   Saved: Data Automation Specialist @ Intrepid Asia
2026-09-08 21:27:26,117 INFO HTTP Request: PATCH https://nzzrpylddectbapxpazo.supabase.co/rest/v1/jobs?id=eq.616a7b1c-3709-47da-870d-af58cc1fe8ca "HTTP/2 200 OK"
2026-09-08 21:27:27,858 INFO HTTP Request: GET https://nzzrpylddectbapxpazo.supabase.co/rest/v1/jobs?select=id&job_url=eq.https%3A%2F%2Fes.linkedin.com%2Fjobs%2Fview%2Fdata-crawler-specialist-at-delectatech-4462991134 "HTTP/2 200 OK"
2026-09-08 21:27:28,063 INFO HTTP Request: POST https://nzzrpylddectbapxpazo.supabase.co/rest/v1/jobs "HTTP/2 201 Created"
2026-09-08 21:27:28,065 INFO   Saved: Data Crawler Specialist @ Delectatech
2026-09-08 21:27:30,727 INFO HTTP Request: PATCH https://nzzrpylddectbapxpazo.supabase.co/rest/v1/jobs?id=eq.154d9dc4-f61b-421e-bce7-2d8939e64813 "HTTP/2 200 OK"
2026-09-08 21:27:32,466 INFO HTTP Request: GET https://nzzrpylddectbapxpazo.supabase.co/rest/v1/jobs?select=id&job_url=eq.https%3A%2F%2Fro.linkedin.com%2Fjobs%2Fview%2Fdata-engineer-at-nch-invest-4462507889 "HTTP/2 200 OK"
2026-09-08 21:27:32,633 INFO HTTP Request: POST https://nzzrpylddectbapxpazo.supabase.co/rest/v1/jobs "HTTP/2 201 Created"
2026-09-08 21:27:32,635 INFO   Saved: Data Engineer @ NCH Invest
2026-09-08 21:27:35,334 INFO HTTP Request: PATCH https://nzzrpylddectbapxpazo.supabase.co/rest/v1/jobs?id=eq.167891d9-d614-413c-a1c0-d2473134188e "HTTP/2 200 OK"
2026-09-08 21:27:37,074 INFO HTTP Request: GET https://nzzrpylddectbapxpazo.supabase.co/rest/v1/jobs?select=id&job_url=eq.https%3A%2F%2Fbd.linkedin.com%2Fjobs%2Fview%2Fdata-scientist-information-technology-at-city-bank-4463266145 "HTTP/2 200 OK"
2026-09-08 21:27:37,279 INFO HTTP Request: POST https://nzzrpylddectbapxpazo.supabase.co/rest/v1/jobs "HTTP/2 201 Created"
2026-09-08 21:27:37,281 INFO   Saved: Data Scientist, Information Technology @ City Bank
2026-09-08 21:27:40,453 INFO HTTP Request: PATCH https://nzzrpylddectbapxpazo.supabase.co/rest/v1/jobs?id=eq.499abac2-cc0e-4b1e-bae8-21e0c16b5b5c "HTTP/2 200 OK"
2026-09-08 21:27:42,193 INFO HTTP Request: GET https://nzzrpylddectbapxpazo.supabase.co/rest/v1/jobs?select=id&job_url=eq.https%3A%2F%2Fil.linkedin.com%2Fjobs%2Fview%2Fdata-analyst-at-modellama-4428612794 "HTTP/2 200 OK"
2026-09-08 21:27:42,351 INFO HTTP Request: POST https://nzzrpylddectbapxpazo.supabase.co/rest/v1/jobs "HTTP/2 201 Created"
2026-09-08 21:27:42,353 INFO   Saved: Data Analyst @ Modellama
2026-09-08 21:27:45,000 INFO HTTP Request: PATCH https://nzzrpylddectbapxpazo.supabase.co/rest/v1/jobs?id=eq.723b343e-7dc2-4f16-a814-1afff18ddccf "HTTP/2 200 OK"
2026-09-08 21:27:46,699 INFO HTTP Request: GET https://nzzrpylddectbapxpazo.supabase.co/rest/v1/jobs?select=id&job_url=eq.https%3A%2F%2Flv.linkedin.com%2Fjobs%2Fview%2Fdata-scientist-at-eleving-group-4464460534 "HTTP/2 200 OK"
2026-09-08 21:27:46,853 INFO HTTP Request: POST https://nzzrpylddectbapxpazo.supabase.co/rest/v1/jobs "HTTP/2 201 Created"
2026-09-08 21:27:46,854 INFO   Saved: Data Scientist @ Eleving Group
2026-09-08 21:27:50,025 INFO HTTP Request: PATCH https://nzzrpylddectbapxpazo.supabase.co/rest/v1/jobs?id=eq.1f2061d0-db0d-47ba-991f-51501e399550 "HTTP/2 200 OK"
2026-09-08 21:27:51,717 INFO HTTP Request: GET https://nzzrpylddectbapxpazo.supabase.co/rest/v1/jobs?select=id&job_url=eq.https%3A%2F%2Fmm.linkedin.com%2Fjobs%2Fview%2Fdata-scientist-at-buildzero-4462233322 "HTTP/2 200 OK"
2026-09-08 21:27:51,887 INFO HTTP Request: POST https://nzzrpylddectbapxpazo.supabase.co/rest/v1/jobs "HTTP/2 201 Created"
2026-09-08 21:27:51,888 INFO   Saved: Data Scientist @ BuildZero
2026-09-08 21:27:54,527 INFO HTTP Request: PATCH https://nzzrpylddectbapxpazo.supabase.co/rest/v1/jobs?id=eq.30e38886-b364-4988-b270-3a26d5318bff "HTTP/2 200 OK"
2026-09-08 21:27:56,223 INFO HTTP Request: GET https://nzzrpylddectbapxpazo.supabase.co/rest/v1/jobs?select=id&job_url=eq.https%3A%2F%2Fsk.linkedin.com%2Fjobs%2Fview%2Fdigital-data-engineer-m-f-at-henkel-4371434654 "HTTP/2 200 OK"
2026-09-08 21:27:56,427 INFO HTTP Request: POST https://nzzrpylddectbapxpazo.supabase.co/rest/v1/jobs "HTTP/2 201 Created"
2026-09-08 21:27:56,430 INFO   Saved: Digital Data Engineer (m/f) @ Henkel
2026-09-08 21:27:59,227 INFO HTTP Request: PATCH https://nzzrpylddectbapxpazo.supabase.co/rest/v1/jobs?id=eq.d31925ed-98fd-4b45-a276-64d10e170c87 "HTTP/2 200 OK"
2026-09-08 21:28:00,933 INFO HTTP Request: GET https://nzzrpylddectbapxpazo.supabase.co/rest/v1/jobs?select=id&job_url=eq.https%3A%2F%2Fit.linkedin.com%2Fjobs%2Fview%2Fdata-scientist-python-sql-at-client-server-4464459891 "HTTP/2 200 OK"
2026-09-08 21:28:01,137 INFO HTTP Request: POST https://nzzrpylddectbapxpazo.supabase.co/rest/v1/jobs "HTTP/2 201 Created"
2026-09-08 21:28:01,140 INFO   Saved: Data Scientist Python SQL @ Client Server
2026-09-08 21:28:04,328 INFO HTTP Request: PATCH https://nzzrpylddectbapxpazo.supabase.co/rest/v1/jobs?id=eq.c257c005-8ab9-4544-99ff-66b400579511 "HTTP/2 200 OK"
2026-09-08 21:28:06,086 INFO HTTP Request: GET https://nzzrpylddectbapxpazo.supabase.co/rest/v1/jobs?select=id&job_url=eq.https%3A%2F%2Fro.linkedin.com%2Fjobs%2Fview%2Fpython-developer-at-luxoft-4462400881 "HTTP/2 200 OK"
2026-09-08 21:28:06,294 INFO HTTP Request: GET https://nzzrpylddectbapxpazo.supabase.co/rest/v1/jobs?select=id&job_url=eq.https%3A%2F%2Fvn.linkedin.com%2Fjobs%2Fview%2Fdata-scientist-at-viettel-ai-4463205113 "HTTP/2 200 OK"
2026-09-08 21:28:07,278 INFO HTTP Request: POST https://nzzrpylddectbapxpazo.supabase.co/rest/v1/jobs "HTTP/2 201 Created"
2026-09-08 21:28:10,456 INFO   Saved: Data Scientist @ Viettel AI
2026-09-08 21:28:14,025 INFO HTTP Request: PATCH https://nzzrpylddectbapxpazo.supabase.co/rest/v1/jobs?id=eq.0d409145-a0f0-49a9-8311-0ba8ecb7e2c7 "HTTP/2 200 OK"
2026-09-08 21:28:19,876 INFO HTTP Request: GET https://nzzrpylddectbapxpazo.supabase.co/rest/v1/jobs?select=id&job_url=eq.https%3A%2F%2Fil.linkedin.com%2Fjobs%2Fview%2Fpython-developer-at-mitiga-4463255076 "HTTP/2 200 OK"
2026-09-08 21:28:20,037 INFO HTTP Request: GET https://nzzrpylddectbapxpazo.supabase.co/rest/v1/jobs?select=id&job_url=eq.https%3A%2F%2Fes.linkedin.com%2Fjobs%2Fview%2Fdata-science-at-cas-training-4462289538 "HTTP/2 200 OK"
2026-09-08 21:28:20,192 INFO HTTP Request: POST https://nzzrpylddectbapxpazo.supabase.co/rest/v1/jobs "HTTP/2 201 Created"
2026-09-08 21:28:20,194 INFO   Saved: Data Science @ CAS Training
2026-09-08 21:28:22,948 INFO HTTP Request: PATCH https://nzzrpylddectbapxpazo.supabase.co/rest/v1/jobs?id=eq.43c464c6-576f-49e5-8cfc-c7e1f5fff4a3 "HTTP/2 200 OK"
2026-09-08 21:28:24,689 INFO HTTP Request: GET https://nzzrpylddectbapxpazo.supabase.co/rest/v1/jobs?select=id&job_url=eq.https%3A%2F%2Fes.linkedin.com%2Fjobs%2Fview%2Fmethodology-scientist-at-alba-synchrotron-4462217957 "HTTP/2 200 OK"
2026-09-08 21:28:24,894 INFO HTTP Request: POST https://nzzrpylddectbapxpazo.supabase.co/rest/v1/jobs "HTTP/2 201 Created"
2026-09-08 21:28:24,896 INFO   Saved: Methodology Scientist @ ALBA Synchrotron
2026-09-08 21:28:27,761 INFO HTTP Request: PATCH https://nzzrpylddectbapxpazo.supabase.co/rest/v1/jobs?id=eq.ea273cab-9a5d-4cf1-bd69-6d4f08d3fb6b "HTTP/2 200 OK"
2026-09-08 21:28:29,502 INFO HTTP Request: GET https://nzzrpylddectbapxpazo.supabase.co/rest/v1/jobs?select=id&job_url=eq.https%3A%2F%2Fes.linkedin.com%2Fjobs%2Fview%2Fdata-scientist-at-product-madness-%25F0%259F%2593%25B1%25F0%259F%258E%25AE-4454291050 "HTTP/2 200 OK"
2026-09-08 21:28:29,706 INFO HTTP Request: POST https://nzzrpylddectbapxpazo.supabase.co/rest/v1/jobs "HTTP/2 201 Created"
2026-09-08 21:28:33,497 INFO HTTP Request: PATCH https://nzzrpylddectbapxpazo.supabase.co/rest/v1/jobs?id=eq.89808859-a3e3-48cf-b462-c73d6877251f "HTTP/2 200 OK"
2026-09-08 21:28:35,162 INFO 
[OK] Scraping complete: 108 new jobs saved
2026-09-08 21:28:35,340 INFO HTTP Request: POST https://nzzrpylddectbapxpazo.supabase.co/rest/v1/daily_run_logs "HTTP/2 201 Created"
2026-09-08 21:28:35,344 INFO      [OK] Scraped 108 new jobs
2026-09-08 21:28:35,344 INFO 
[2/5] [ATS]  Running ATS matching...
2026-09-08 21:28:36,671 INFO HTTP Request: GET https://nzzrpylddectbapxpazo.supabase.co/rest/v1/jobs?select=id%2Ctitle%2Ccompany%2Cdescription_raw&status=eq.scraped&description_raw=not.is.null&limit=50 "HTTP/2 200 OK"
2026-09-08 21:29:13,330 INFO HTTP Request: PATCH https://nzzrpylddectbapxpazo.supabase.co/rest/v1/jobs?id=eq.1f457dd2-d91a-49f9-9374-3cd512377794 "HTTP/2 200 OK"
2026-09-08 21:30:23,576 INFO HTTP Request: PATCH https://nzzrpylddectbapxpazo.supabase.co/rest/v1/jobs?id=eq.126c273b-15a9-4e47-a731-cdd25f9b690f "HTTP/2 200 OK"
2026-09-08 21:31:00,029 INFO HTTP Request: PATCH https://nzzrpylddectbapxpazo.supabase.co/rest/v1/jobs?id=eq.20665454-5041-4451-94ce-f2c33eb4c74f "HTTP/2 200 OK"
2026-09-08 21:31:39,554 INFO HTTP Request: PATCH https://nzzrpylddectbapxpazo.supabase.co/rest/v1/jobs?id=eq.9182e8cb-d325-4f88-949b-0da212babe7d "HTTP/2 200 OK"
2026-09-08 21:32:40,085 INFO HTTP Request: PATCH https://nzzrpylddectbapxpazo.supabase.co/rest/v1/jobs?id=eq.e57d11ef-0af9-49ca-9e16-627aa3fe6b0b "HTTP/2 200 OK"
2026-09-08 21:33:30,462 INFO HTTP Request: PATCH https://nzzrpylddectbapxpazo.supabase.co/rest/v1/jobs?id=eq.0014fbd0-8fc5-4f5a-9aab-b23d50cd58c2 "HTTP/2 200 OK"
2026-09-08 21:34:58,168 ERROR      [ERR] ATS matching failed: Unterminated string starting at: line 1 column 384 (char 383)
2026-09-08 21:34:58,168 INFO 
[3/5] [APPLY]  Auto-applying to top matches...
2026-09-08 21:34:58,928 INFO HTTP Request: GET https://nzzrpylddectbapxpazo.supabase.co/rest/v1/jobs?select=id%2Ctitle%2Ccompany%2Cats_score%2Capply_url%2Cplatform&status=eq.matched&ats_score=gte.75&order=ats_score.desc&limit=20 "HTTP/2 200 OK"
2026-09-08 21:34:58,929 INFO      [OK] Auto-applied to 0 jobs
2026-09-08 21:34:58,930 INFO 
[4/5] [EMAIL]  Sending cold outreach emails...
2026-09-08 21:35:01,897 INFO HTTP Request: GET https://nzzrpylddectbapxpazo.supabase.co/rest/v1/outreach_logs?select=id&status=eq.sent&sent_at=gte.2026-09-08T00%3A00%3A00 "HTTP/2 200 OK"
2026-09-08 21:35:02,614 INFO HTTP Request: GET https://nzzrpylddectbapxpazo.supabase.co/rest/v1/jobs?select=id%2Ctitle%2Ccompany%2Ccompany_domain%2Clocation%2Cdescription_raw%2Cats_score%2Capply_url%2Cmatched_keywords&status=in.%28matched%2Cauto_applied%29&ats_score=gte.70&order=ats_score.desc&limit=15 "HTTP/2 200 OK"
2026-09-08 21:35:02,817 INFO HTTP Request: GET https://nzzrpylddectbapxpazo.supabase.co/rest/v1/recruiters?select=%2A&company=eq.That+Recruitment+Company&is_active=eq.True&limit=1 "HTTP/2 200 OK"
2026-09-08 21:35:03,022 INFO HTTP Request: GET https://nzzrpylddectbapxpazo.supabase.co/rest/v1/outreach_logs?select=id&recruiter_id=eq.1530b1d7-be69-4208-aafd-78f1c154c1f7&created_at=gte.2026-09-08T00%3A00%3A00 "HTTP/2 200 OK"
2026-09-08 21:36:13,986 INFO HTTP Request: POST https://nzzrpylddectbapxpazo.supabase.co/rest/v1/outreach_logs "HTTP/2 201 Created"
2026-09-08 21:36:13,989 INFO [OK] Sent to Hiring Team @ That Recruitment Company
2026-09-08 21:36:14,190 INFO HTTP Request: GET https://nzzrpylddectbapxpazo.supabase.co/rest/v1/recruiters?select=%2A&company=eq.SecuriON+-+%EC%8B%9C%ED%81%90%EB%A6%AC%EC%98%A8&is_active=eq.True&limit=1 "HTTP/2 200 OK"
2026-09-08 21:36:14,397 INFO HTTP Request: POST https://nzzrpylddectbapxpazo.supabase.co/rest/v1/recruiters?on_conflict=email "HTTP/2 201 Created"
2026-09-08 21:36:14,599 INFO HTTP Request: GET https://nzzrpylddectbapxpazo.supabase.co/rest/v1/outreach_logs?select=id&recruiter_id=eq.f0203ada-1d04-4fa2-b64d-47d5e0b93c8d&created_at=gte.2026-09-08T00%3A00%3A00 "HTTP/2 200 OK"
2026-09-08 21:36:56,686 INFO HTTP Request: GET https://nzzrpylddectbapxpazo.supabase.co/rest/v1/recruiters?select=%2A&company=eq.eClerx&is_active=eq.True&limit=1 "HTTP/2 200 OK"
2026-09-08 21:36:56,890 INFO HTTP Request: POST https://nzzrpylddectbapxpazo.supabase.co/rest/v1/recruiters?on_conflict=email "HTTP/2 201 Created"
2026-09-08 21:36:57,095 INFO HTTP Request: GET https://nzzrpylddectbapxpazo.supabase.co/rest/v1/outreach_logs?select=id&recruiter_id=eq.ceb2ae6e-5df6-40b7-9f8e-aae297f6508f&created_at=gte.2026-09-08T00%3A00%3A00 "HTTP/2 200 OK"
2026-09-08 21:37:42,604 INFO HTTP Request: POST https://nzzrpylddectbapxpazo.supabase.co/rest/v1/outreach_logs "HTTP/2 201 Created"
2026-09-08 21:37:42,606 INFO [OK] Sent to Hiring Team @ eClerx
2026-09-08 21:37:42,779 INFO HTTP Request: GET https://nzzrpylddectbapxpazo.supabase.co/rest/v1/recruiters?select=%2A&company=eq.Client+Server&is_active=eq.True&limit=1 "HTTP/2 200 OK"
2026-09-08 21:37:43,380 INFO HTTP Request: GET https://nzzrpylddectbapxpazo.supabase.co/rest/v1/outreach_logs?select=id&recruiter_id=eq.550eb4ca-0026-4048-9e09-dc6b26f52a32&created_at=gte.2026-09-08T00%3A00%3A00 "HTTP/2 200 OK"
2026-09-08 21:38:26,592 INFO HTTP Request: POST https://nzzrpylddectbapxpazo.supabase.co/rest/v1/outreach_logs "HTTP/2 201 Created"
2026-09-08 21:38:26,593 INFO [OK] Sent to Hiring Team @ Client Server
2026-09-08 21:38:26,796 INFO HTTP Request: GET https://nzzrpylddectbapxpazo.supabase.co/rest/v1/recruiters?select=%2A&company=eq.Tata+Consultancy+Services&is_active=eq.True&limit=1 "HTTP/2 200 OK"
2026-09-08 21:38:27,002 INFO HTTP Request: POST https://nzzrpylddectbapxpazo.supabase.co/rest/v1/recruiters?on_conflict=email "HTTP/2 201 Created"
2026-09-08 21:38:27,165 INFO HTTP Request: GET https://nzzrpylddectbapxpazo.supabase.co/rest/v1/outreach_logs?select=id&recruiter_id=eq.66b710ab-b707-47d5-a283-d23193529b35&created_at=gte.2026-09-08T00%3A00%3A00 "HTTP/2 200 OK"
2026-09-08 21:39:12,161 INFO HTTP Request: POST https://nzzrpylddectbapxpazo.supabase.co/rest/v1/outreach_logs "HTTP/2 201 Created"
2026-09-08 21:39:12,163 INFO [OK] Sent to Hiring Team @ Tata Consultancy Services
2026-09-08 21:39:12,672 INFO HTTP Request: GET https://nzzrpylddectbapxpazo.supabase.co/rest/v1/recruiters?select=%2A&company=eq.Client+Server&is_active=eq.True&limit=1 "HTTP/2 200 OK"
2026-09-08 21:39:12,836 INFO HTTP Request: GET https://nzzrpylddectbapxpazo.supabase.co/rest/v1/outreach_logs?select=id&recruiter_id=eq.550eb4ca-0026-4048-9e09-dc6b26f52a32&created_at=gte.2026-09-08T00%3A00%3A00 "HTTP/2 200 OK"
2026-09-08 21:39:13,041 INFO HTTP Request: GET https://nzzrpylddectbapxpazo.supabase.co/rest/v1/recruiters?select=%2A&company=eq.Accenture+in+India&is_active=eq.True&limit=1 "HTTP/2 200 OK"
2026-09-08 21:39:13,285 INFO HTTP Request: POST https://nzzrpylddectbapxpazo.supabase.co/rest/v1/recruiters?on_conflict=email "HTTP/2 201 Created"
2026-09-08 21:39:13,490 INFO HTTP Request: GET https://nzzrpylddectbapxpazo.supabase.co/rest/v1/outreach_logs?select=id&recruiter_id=eq.1d0c13b6-c915-47a4-b257-91e09869d639&created_at=gte.2026-09-08T00%3A00%3A00 "HTTP/2 200 OK"
2026-09-08 21:39:49,847 INFO HTTP Request: POST https://nzzrpylddectbapxpazo.supabase.co/rest/v1/outreach_logs "HTTP/2 201 Created"
2026-09-08 21:39:49,848 INFO [OK] Sent to Hiring Team @ Accenture in India
2026-09-08 21:39:49,848 INFO [MAIL] Outreach done: 5 emails sent
2026-09-08 21:39:49,849 INFO      [OK] Sent 5 cold emails
2026-09-08 21:39:49,849 INFO 
[5/5] [POST]  Publishing LinkedIn posts...
2026-09-08 21:39:52,557 INFO HTTP Request: GET https://nzzrpylddectbapxpazo.supabase.co/rest/v1/linkedin_posts?select=%2A&status=in.%28scheduled%29&scheduled_for=lte.2026-09-08T16%3A09%3A51.034508%2B00%3A00 "HTTP/2 200 OK"
2026-09-08 21:39:52,559 INFO Published 0 due posts
2026-09-08 21:39:52,812 INFO HTTP Request: POST https://nzzrpylddectbapxpazo.supabase.co/rest/v1/daily_run_logs?on_conflict=run_date "HTTP/2 200 OK"
2026-09-08 21:39:52,815 INFO      [OK] Published 0 LinkedIn posts
2026-09-08 21:39:53,222 INFO HTTP Request: GET https://nzzrpylddectbapxpazo.supabase.co/rest/v1/daily_run_logs?select=id&run_date=eq.2026-09-08 "HTTP/2 200 OK"
2026-09-08 21:39:53,426 INFO HTTP Request: PATCH https://nzzrpylddectbapxpazo.supabase.co/rest/v1/daily_run_logs?run_date=eq.2026-09-08 "HTTP/2 200 OK"
2026-09-08 21:39:53,427 INFO 
[NOTIFY] Sending daily summary notification...
2026-09-08 21:39:53,629 INFO HTTP Request: GET https://nzzrpylddectbapxpazo.supabase.co/rest/v1/daily_run_logs?select=%2A&run_date=eq.2026-09-08 "HTTP/2 200 OK"
2026-09-08 21:39:53,836 INFO HTTP Request: GET https://nzzrpylddectbapxpazo.supabase.co/rest/v1/applications?select=%2A%2Cjobs%28title%2Ccompany%2Clocation%2Cats_score%29&applied_at=gte.2026-09-08T00%3A00%3A00&order=applied_at.desc&limit=5 "HTTP/2 200 OK"
2026-09-08 21:39:54,040 INFO HTTP Request: GET https://nzzrpylddectbapxpazo.supabase.co/rest/v1/outreach_logs?select=%2A%2Crecruiters%28name%2Ccompany%29&status=eq.sent&sent_at=gte.2026-09-08T00%3A00%3A00 "HTTP/2 200 OK"
2026-09-08 21:39:54,246 INFO HTTP Request: GET https://nzzrpylddectbapxpazo.supabase.co/rest/v1/jobs?select=title%2Ccompany%2Cats_score%2Capply_url&status=eq.matched&ats_score=gte.80&limit=5 "HTTP/2 200 OK"
2026-09-08 21:39:56,089 INFO   [NOTIFY] Telegram notification sent
2026-09-08 21:39:56,090 INFO 
============================================================
2026-09-08 21:39:56,091 INFO [OK] DAILY RUN COMPLETE
2026-09-08 21:39:56,092 INFO    Scraped: 108 | Matched: 0
2026-09-08 21:39:56,092 INFO    Applied: 0 | Emailed: 5
2026-09-08 21:39:56,092 INFO    Errors: 1
2026-09-08 21:39:56,093 INFO ============================================================
